Component: ARM Compiler 5.06 update 7 (build 960) Tool: armlink [4d3601]

==============================================================================

Section Cross References

    startup_stm32f407xx.o(RESET) refers to startup_stm32f407xx.o(STACK) for __initial_sp
    startup_stm32f407xx.o(RESET) refers to startup_stm32f407xx.o(.text) for Reset_Handler
    startup_stm32f407xx.o(RESET) refers to stm32f4xx_it.o(i.NMI_Handler) for NMI_Handler
    startup_stm32f407xx.o(RESET) refers to stm32f4xx_it.o(i.HardFault_Handler) for HardFault_Handler
    startup_stm32f407xx.o(RESET) refers to stm32f4xx_it.o(i.MemManage_Handler) for MemManage_Handler
    startup_stm32f407xx.o(RESET) refers to stm32f4xx_it.o(i.BusFault_Handler) for BusFault_Handler
    startup_stm32f407xx.o(RESET) refers to stm32f4xx_it.o(i.UsageFault_Handler) for UsageFault_Handler
    startup_stm32f407xx.o(RESET) refers to stm32f4xx_it.o(i.SVC_Handler) for SVC_Handler
    startup_stm32f407xx.o(RESET) refers to stm32f4xx_it.o(i.DebugMon_Handler) for DebugMon_Handler
    startup_stm32f407xx.o(RESET) refers to stm32f4xx_it.o(i.PendSV_Handler) for PendSV_Handler
    startup_stm32f407xx.o(RESET) refers to stm32f4xx_it.o(i.SysTick_Handler) for SysTick_Handler
    startup_stm32f407xx.o(RESET) refers to stm32f4xx_it.o(i.DMA1_Stream0_IRQHandler) for DMA1_Stream0_IRQHandler
    startup_stm32f407xx.o(RESET) refers to stm32f4xx_it.o(i.DMA1_Stream1_IRQHandler) for DMA1_Stream1_IRQHandler
    startup_stm32f407xx.o(RESET) refers to stm32f4xx_it.o(i.DMA1_Stream3_IRQHandler) for DMA1_Stream3_IRQHandler
    startup_stm32f407xx.o(RESET) refers to stm32f4xx_it.o(i.I2C1_EV_IRQHandler) for I2C1_EV_IRQHandler
    startup_stm32f407xx.o(RESET) refers to stm32f4xx_it.o(i.SPI1_IRQHandler) for SPI1_IRQHandler
    startup_stm32f407xx.o(RESET) refers to stm32f4xx_it.o(i.USART3_IRQHandler) for USART3_IRQHandler
    startup_stm32f407xx.o(RESET) refers to stm32f4xx_it.o(i.DMA2_Stream0_IRQHandler) for DMA2_Stream0_IRQHandler
    startup_stm32f407xx.o(.text) refers to system_stm32f4xx.o(i.SystemInit) for SystemInit
    startup_stm32f407xx.o(.text) refers to entry.o(.ARM.Collect$$$$00000000) for __main
    main.o(i.MX_ADC1_Init) refers to stm32f4xx_hal_adc.o(i.HAL_ADC_Init) for HAL_ADC_Init
    main.o(i.MX_ADC1_Init) refers to stm32f4xx_hal_adc.o(i.HAL_ADC_ConfigChannel) for HAL_ADC_ConfigChannel
    main.o(i.MX_ADC1_Init) refers to main.o(.bss) for .bss
    main.o(i.MX_DMA_Init) refers to stm32f4xx_hal_cortex.o(i.HAL_NVIC_SetPriority) for HAL_NVIC_SetPriority
    main.o(i.MX_DMA_Init) refers to stm32f4xx_hal_cortex.o(i.HAL_NVIC_EnableIRQ) for HAL_NVIC_EnableIRQ
    main.o(i.MX_GPIO_Init) refers to memseta.o(.text) for __aeabi_memclr4
    main.o(i.MX_GPIO_Init) refers to stm32f4xx_hal_gpio.o(i.HAL_GPIO_WritePin) for HAL_GPIO_WritePin
    main.o(i.MX_GPIO_Init) refers to stm32f4xx_hal_gpio.o(i.HAL_GPIO_Init) for HAL_GPIO_Init
    main.o(i.MX_SPI1_Init) refers to stm32f4xx_hal_spi.o(i.HAL_SPI_Init) for HAL_SPI_Init
    main.o(i.MX_SPI1_Init) refers to main.o(.bss) for .bss
    main.o(i.SystemClock_Config) refers to memseta.o(.text) for __aeabi_memclr4
    main.o(i.SystemClock_Config) refers to stm32f4xx_hal_rcc.o(i.HAL_RCC_OscConfig) for HAL_RCC_OscConfig
    main.o(i.SystemClock_Config) refers to stm32f4xx_hal_rcc.o(i.HAL_RCC_ClockConfig) for HAL_RCC_ClockConfig
    main.o(i.cal_mw) refers to dfltui.o(.text) for __aeabi_ui2d
    main.o(i.cal_mw) refers to dadd.o(.text) for __aeabi_drsub
    main.o(i.cal_mw) refers to dmul.o(.text) for __aeabi_dmul
    main.o(i.cal_mw) refers to dfixui.o(.text) for __aeabi_d2uiz
    main.o(i.ds1307_cal) refers to stm32f4xx_hal.o(i.HAL_GetTick) for HAL_GetTick
    main.o(i.ds1307_cal) refers to stm32f4xx_hal_i2c.o(i.HAL_I2C_Mem_Read_IT) for HAL_I2C_Mem_Read_IT
    main.o(i.ds1307_cal) refers to main.o(i.BCD2DEC) for BCD2DEC
    main.o(i.ds1307_cal) refers to main.o(.data) for .data
    main.o(i.ds1307_cal) refers to main.o(.bss) for .bss
    main.o(i.init_microSD) refers to ff.o(i.f_mount) for f_mount
    main.o(i.init_microSD) refers to ff.o(i.f_open) for f_open
    main.o(i.init_microSD) refers to ff.o(i.f_puts) for f_puts
    main.o(i.init_microSD) refers to main.o(.bss) for .bss
    main.o(i.init_microSD) refers to main.o(.data) for .data
    main.o(i.lcd_show) refers to stm32f4xx_hal.o(i.HAL_GetTick) for HAL_GetTick
    main.o(i.lcd_show) refers to i2c-2004.o(i.lcd_send_cmd) for lcd_send_cmd
    main.o(i.lcd_show) refers to i2c-2004.o(i.lcd_send_string) for lcd_send_string
    main.o(i.lcd_show) refers to f2d.o(.text) for __aeabi_f2d
    main.o(i.lcd_show) refers to printfa.o(i.__0sprintf) for __2sprintf
    main.o(i.lcd_show) refers to main.o(.data) for .data
    main.o(i.leds_microSD) refers to stm32f4xx_hal_gpio.o(i.HAL_GPIO_Init) for HAL_GPIO_Init
    main.o(i.leds_microSD) refers to stm32f4xx_hal_gpio.o(i.HAL_GPIO_WritePin) for HAL_GPIO_WritePin
    main.o(i.main) refers to stm32f4xx_hal.o(i.HAL_Init) for HAL_Init
[...]
    i.clear_lock                             0x080056c0   Section        0  ff.o(i.clear_lock)
    clear_lock                               0x080056c1   Thumb Code    28  ff.o(i.clear_lock)
    i.clmt_clust                             0x080056e0   Section        0  ff.o(i.clmt_clust)
    clmt_clust                               0x080056e1   Thumb Code    38  ff.o(i.clmt_clust)
    i.clust2sect                             0x08005706   Section        0  ff.o(i.clust2sect)
    clust2sect                               0x08005707   Thumb Code    24  ff.o(i.clust2sect)
    i.cmp_lfn                                0x08005720   Section        0  ff.o(i.cmp_lfn)
    cmp_lfn                                  0x08005721   Thumb Code   124  ff.o(i.cmp_lfn)
    i.create_chain                           0x080057a0   Section        0  ff.o(i.create_chain)
    create_chain                             0x080057a1   Thumb Code   164  ff.o(i.create_chain)
    i.create_name                            0x08005844   Section        0  ff.o(i.create_name)
    create_name                              0x08005845   Thumb Code   494  ff.o(i.create_name)
    i.dec_lock                               0x08005a4c   Section        0  ff.o(i.dec_lock)
    dec_lock                                 0x08005a4d   Thumb Code    48  ff.o(i.dec_lock)
    i.delayus                                0x08005a80   Section        0  dht_22.o(i.delayus)
    i.dir_find                               0x08005a98   Section        0  ff.o(i.dir_find)
    dir_find                                 0x08005a99   Thumb Code   208  ff.o(i.dir_find)
    i.dir_next                               0x08005b68   Section        0  ff.o(i.dir_next)
    dir_next                                 0x08005b69   Thumb Code   258  ff.o(i.dir_next)
    i.dir_register                           0x08005c6c   Section        0  ff.o(i.dir_register)
    dir_register                             0x08005c6d   Thumb Code   480  ff.o(i.dir_register)
    i.dir_sdi                                0x08005e50   Section        0  ff.o(i.dir_sdi)
    dir_sdi                                  0x08005e51   Thumb Code   142  ff.o(i.dir_sdi)
    i.disk_initialize                        0x08005ee0   Section        0  diskio.o(i.disk_initialize)
    i.disk_ioctl                             0x08005f08   Section        0  diskio.o(i.disk_ioctl)
    i.disk_read                              0x08005f24   Section        0  diskio.o(i.disk_read)
    i.disk_status                            0x08005f40   Section        0  diskio.o(i.disk_status)
    i.disk_write                             0x08005f58   Section        0  diskio.o(i.disk_write)
    i.ds1307_cal                             0x08005f74   Section        0  main.o(i.ds1307_cal)
    i.f_close                                0x08005fc4   Section        0  ff.o(i.f_close)
    i.f_mount                                0x08005fec   Section        0  ff.o(i.f_mount)
    i.f_open                                 0x08006044   Section        0  ff.o(i.f_open)
    i.f_puts                                 0x08006260   Section        0  ff.o(i.f_puts)
    i.f_sync                                 0x08006286   Section        0  ff.o(i.f_sync)
    i.f_write                                0x08006314   Section        0  ff.o(i.f_write)
    i.ff_convert                             0x080064c8   Section        0  ccsbcs.o(i.ff_convert)
    i.ff_wtoupper                            0x08006500   Section        0  ccsbcs.o(i.ff_wtoupper)
    i.find_volume                            0x08006580   Section        0  ff.o(i.find_volume)
    find_volume                              0x08006581   Thumb Code   640  ff.o(i.find_volume)
    i.follow_path                            0x08006810   Section        0  ff.o(i.follow_path)
    follow_path                              0x08006811   Thumb Code   122  ff.o(i.follow_path)
    i.gen_numname                            0x0800688c   Section        0  ff.o(i.gen_numname)
    gen_numname                              0x0800688d   Thumb Code   122  ff.o(i.gen_numname)
    i.get_fat                                0x0800690c   Section        0  ff.o(i.get_fat)
    get_fat                                  0x0800690d   Thumb Code   232  ff.o(i.get_fat)
    i.get_fattime                            0x080069f4   Section        0  fatfs.o(i.get_fattime)
    i.get_ldnumber                           0x080069f8   Section        0  ff.o(i.get_ldnumber)
    get_ldnumber                             0x080069f9   Thumb Code    60  ff.o(i.get_ldnumber)
    i.inc_lock                               0x08006a34   Section        0  ff.o(i.inc_lock)
    inc_lock                                 0x08006a35   Thumb Code   124  ff.o(i.inc_lock)
    i.init_DHT22                             0x08006ab4   Section        0  dht_22.o(i.init_DHT22)
    i.init_microSD                           0x08006ac0   Section        0  main.o(i.init_microSD)
    i.lcd_init                               0x08006b30   Section        0  i2c-2004.o(i.lcd_init)
    i.lcd_send_cmd                           0x08006ba8   Section        0  i2c-2004.o(i.lcd_send_cmd)
    i.lcd_send_data                          0x08006be8   Section        0  i2c-2004.o(i.lcd_send_data)
    i.lcd_send_string                        0x08006c28   Section        0  i2c-2004.o(i.lcd_send_string)
    i.lcd_show                               0x08006c3c   Section        0  main.o(i.lcd_show)
    i.ld_clust                               0x08006e1c   Section        0  ff.o(i.ld_clust)
    ld_clust                                 0x08006e1d   Thumb Code    38  ff.o(i.ld_clust)
    i.ld_dword                               0x08006e42   Section        0  ff.o(i.ld_dword)
    ld_dword                                 0x08006e43   Thumb Code    22  ff.o(i.ld_dword)
    i.ld_word                                0x08006e58   Section        0  ff.o(i.ld_word)
    ld_word                                  0x08006e59   Thumb Code    10  ff.o(i.ld_word)
    i.leds_microSD                           0x08006e64   Section        0  main.o(i.leds_microSD)
    i.main                                   0x08006ed0   Section        0  main.o(i.main)
    i.malloc                                 0x080070e0   Section        0  malloc.o(i.malloc)
    i.mem_cpy                                0x0800714c   Section        0  ff.o(i.mem_cpy)
    mem_cpy                                  0x0800714d   Thumb Code    18  ff.o(i.mem_cpy)
    i.mem_set                                0x08007160   Section        0  ff.o(i.mem_set)
    mem_set                                  0x08007161   Thumb Code    14  ff.o(i.mem_set)
    i.move_window                            0x0800716e   Section        0  ff.o(i.move_window)
    move_window                              0x0800716f   Thumb Code    50  ff.o(i.move_window)
    i.put_fat                                0x080071a0   Section        0  ff.o(i.put_fat)
    put_fat                                  0x080071a1   Thumb Code   292  ff.o(i.put_fat)
    i.putc_bfd                               0x080072c4   Section        0  ff.o(i.putc_bfd)
    putc_bfd                                 0x080072c5   Thumb Code    70  ff.o(i.putc_bfd)
    i.putc_flush                             0x0800730a   Section        0  ff.o(i.putc_flush)
    putc_flush                               0x0800730b   Thumb Code    42  ff.o(i.putc_flush)
    i.read_bh1750                            0x08007334   Section        0  main.o(i.read_bh1750)
    i.read_dht22                             0x0800735c   Section        0  main.o(i.read_dht22)
    i.receive_uart_1                         0x08007408   Section        0  main.o(i.receive_uart_1)
    i.receive_uart_2                         0x0800743c   Section        0  main.o(i.receive_uart_2)
    i.receive_uart_3                         0x080074dc   Section        0  main.o(i.receive_uart_3)
    i.relay_off                              0x08007548   Section        0  main.o(i.relay_off)
    i.relay_on                               0x08007590   Section        0  main.o(i.relay_on)
    i.remove_chain                           0x08007608   Section        0  ff.o(i.remove_chain)
    remove_chain                             0x08007609   Thumb Code   116  ff.o(i.remove_chain)
    i.send_uart                              0x0800767c   Section        0  main.o(i.send_uart)
    i.st_clust                               0x08007894   Section        0  ff.o(i.st_clust)
    st_clust                                 0x08007895   Thumb Code    40  ff.o(i.st_clust)
    i.st_dword                               0x080078bc   Section        0  ff.o(i.st_dword)
    st_dword                                 0x080078bd   Thumb Code    16  ff.o(i.st_dword)
    i.st_word                                0x080078cc   Section        0  ff.o(i.st_word)
    st_word                                  0x080078cd   Thumb Code     8  ff.o(i.st_word)
    i.stop_microSD                           0x080078d4   Section        0  main.o(i.stop_microSD)
    i.sum_sfn                                0x08007904   Section        0  ff.o(i.sum_sfn)
    sum_sfn                                  0x08007905   Thumb Code    26  ff.o(i.sum_sfn)
    i.sync_fs                                0x08007920   Section        0  ff.o(i.sync_fs)
    sync_fs                                  0x08007921   Thumb Code   126  ff.o(i.sync_fs)
    i.sync_window                            0x080079a8   Section        0  ff.o(i.sync_window)
    sync_window                              0x080079a9   Thumb Code    82  ff.o(i.sync_window)
    i.validate                               0x080079fa   Section        0  ff.o(i.validate)
    validate                                 0x080079fb   Thumb Code    52  ff.o(i.validate)
    i.write_microSD                          0x08007a30   Section        0  main.o(i.write_microSD)
    .constdata                               0x08007ac8   Section        8  stm32f4xx_hal_dma.o(.constdata)
    flagBitshiftOffset                       0x08007ac8   Data           8  stm32f4xx_hal_dma.o(.constdata)
    .constdata                               0x08007ad0   Section       16  system_stm32f4xx.o(.constdata)
    .constdata                               0x08007ae0   Section        8  system_stm32f4xx.o(.constdata)
    .constdata                               0x08007ae8   Section      170  ff.o(.constdata)
    ExCvt                                    0x08007ae8   Data         128  ff.o(.constdata)
    LfnOfs                                   0x08007b68   Data          13  ff.o(.constdata)
    cst                                      0x08007b76   Data          14  ff.o(.constdata)
    cst32                                    0x08007b84   Data          14  ff.o(.constdata)
    .constdata                               0x08007b92   Section      942  ccsbcs.o(.constdata)
    Tbl                                      0x08007b92   Data         256  ccsbcs.o(.constdata)
    cvt1                                     0x08007c92   Data         498  ccsbcs.o(.constdata)
    cvt2                                     0x08007e84   Data         188  ccsbcs.o(.constdata)
    .data                                    0x20000000   Section       46  main.o(.data)
    last_5                                   0x20000004   Data           4  main.o(.data)
    last_4                                   0x20000008   Data           4  main.o(.data)
    last_3                                   0x2000000c   Data           4  main.o(.data)
    last_2                                   0x20000010   Data           4  main.o(.data)
    lastScan                                 0x20000014   Data           4  main.o(.data)
    last_1                                   0x20000018   Data           4  main.o(.data)
    last                                     0x2000001c   Data           4  main.o(.data)
    .data                                    0x20000030   Section       20  user_diskio.o(.data)
    .data                                    0x20000044   Section        5  fatfs.o(.data)
    .data                                    0x20000049   Section        3  stm32f4xx_it.o(.data)
    .data                                    0x2000004c   Section        3  fatfs_sd.o(.data)
    Stat                                     0x2000004c   Data           1  fatfs_sd.o(.data)
    PowerFlag                                0x2000004d   Data           1  fatfs_sd.o(.data)
    CardType                                 0x2000004e   Data           1  fatfs_sd.o(.data)
    .data                                    0x20000050   Section       12  stm32f4xx_hal.o(.data)
    .data                                    0x2000005c   Section        4  system_stm32f4xx.o(.data)
    .data                                    0x20000060   Section        8  ff.o(.data)
    Fsid                                     0x20000060   Data           2  ff.o(.data)
    FatFs                                    0x20000064   Data           4  ff.o(.data)
    .data                                    0x20000068   Section        4  mvars.o(.data)
    .data                                    0x2000006c   Section        4  mvars.o(.data)
    .bss                                     0x20000070   Section     9756  main.o(.bss)
    .bss                                     0x2000268c   Section       96  main.o(.bss)
    .bss                                     0x200026ec   Section       96  main.o(.bss)
    .bss                                     0x2000274c   Section       96  main.o(.bss)
    .bss                                     0x200027ac   Section       96  main.o(.bss)
    .bss                                     0x2000280c   Section      544  ff.o(.bss)
    Files                                    0x2000280c   Data          32  ff.o(.bss)
    LfnBuf                                   0x2000282c   Data         512  ff.o(.bss)
    .bss                                     0x20002a2c   Section       12  ff_gen_drv.o(.bss)
    HEAP                                     0x20002a38   Section      512  startup_stm32f407xx.o(HEAP)
    STACK                                    0x20002c38   Section     1024  startup_stm32f407xx.o(STACK)

    Global Symbols

    Symbol Name                              Value     Ov Type        Size  Object(Section)

    BuildAttributes$$THM_ISAv4$E$P$D$K$B$S$7EM$VFPi3$EXTD16$VFPS$VFMA$PE$A:L22UL41UL21$X:L11$S22US41US21$IEEE1$IW$USESV6$~STKCKD$USESV7$~SHL$OTIME$ROPI$EBA8$MICROLIB$REQ8$PRES8$EABIv2 0x00000000   Number         0  anon$$obj.o ABSOLUTE
    __ARM_use_no_argv                        0x00000000   Number         0  main.o ABSOLUTE
    _printf_a                                0x00000000   Number         0  stubs.o ABSOLUTE
    _printf_c                                0x00000000   Number         0  stubs.o ABSOLUTE
    _printf_charcount                        0x00000000   Number         0  stubs.o ABSOLUTE
    _printf_d                                0x00000000   Number         0  stubs.o ABSOLUTE
    _printf_e                                0x00000000   Number         0  stubs.o ABSOLUTE
    _printf_f                                0x00000000   Number         0  stubs.o ABSOLUTE
    _printf_flags                            0x00000000   Number         0  stubs.o ABSOLUTE
    _printf_fp_dec                           0x00000000   Number         0  stubs.o ABSOLUTE
    _printf_fp_hex                           0x00000000   Number         0  stubs.o ABSOLUTE
    _printf_g                                0x00000000   Number         0  stubs.o ABSOLUTE
    _printf_i                                0x00000000   Number         0  stubs.o ABSOLUTE
    _printf_int_dec                          0x00000000   Number         0  stubs.o ABSOLUTE
    _printf_l                                0x00000000   Number         0  stubs.o ABSOLUTE
    _printf_lc                               0x00000000   Number         0  stubs.o ABSOLUTE
    _printf_ll                               0x00000000   Number         0  stubs.o ABSOLUTE
    _printf_lld                              0x00000000   Number         0  stubs.o ABSOLUTE
    _printf_lli                              0x00000000   Number         0  stubs.o ABSOLUTE
    _printf_llo                              0x00000000   Number         0  stubs.o ABSOLUTE
    _printf_llu                              0x00000000   Number         0  stubs.o ABSOLUTE
    _printf_llx                              0x00000000   Number         0  stubs.o ABSOLUTE
    _printf_longlong_dec                     0x00000000   Number         0  stubs.o ABSOLUTE
    _printf_longlong_hex                     0x00000000   Number         0  stubs.o ABSOLUTE
    _printf_longlong_oct                     0x00000000   Number         0  stubs.o ABSOLUTE
    _printf_ls                               0x00000000   Number         0  stubs.o ABSOLUTE
    _printf_mbtowc                           0x00000000   Number         0  stubs.o ABSOLUTE
    _printf_n                                0x00000000   Number         0  stubs.o ABSOLUTE
    _printf_o                                0x00000000   Number         0  stubs.o ABSOLUTE
    _printf_p                                0x00000000   Number         0  stubs.o ABSOLUTE
    _printf_percent                          0x00000000   Number         0  stubs.o ABSOLUTE
    _printf_pre_padding                      0x00000000   Number         0  stubs.o ABSOLUTE
    _printf_return_value                     0x00000000   Number         0  stubs.o ABSOLUTE
    _printf_s                                0x00000000   Number         0  stubs.o ABSOLUTE
    _printf_sizespec                         0x00000000   Number         0  stubs.o ABSOLUTE
    _printf_str                              0x00000000   Number         0  stubs.o ABSOLUTE
    _printf_truncate_signed                  0x00000000   Number         0  stubs.o ABSOLUTE
    _printf_truncate_unsigned                0x00000000   Number         0  stubs.o ABSOLUTE
    _printf_u                                0x00000000   Number         0  stubs.o ABSOLUTE
    _printf_wc                               0x00000000   Number         0  stubs.o ABSOLUTE
    _printf_wctomb                           0x00000000   Number         0  stubs.o ABSOLUTE
    _printf_widthprec                        0x00000000   Number         0  stubs.o ABSOLUTE
    _printf_x                                0x00000000   Number         0  stubs.o ABSOLUTE
    __arm_fini_                               - Undefined Weak Reference
    __cpp_initialize__aeabi_                  - Undefined Weak Reference
    __cxa_finalize                            - Undefined Weak Reference
    __decompress                              - Undefined Weak Reference
    _clock_init                               - Undefined Weak Reference
    _microlib_exit                            - Undefined Weak Reference
    __Vectors_Size                           0x00000188   Number         0  startup_stm32f407xx.o ABSOLUTE
    __Vectors                                0x08000000   Data           4  startup_stm32f407xx.o(RESET)
    __Vectors_End                            0x08000188   Data           0  startup_stm32f407xx.o(RESET)
    __main                                   0x08000189   Thumb Code     0  entry.o(.ARM.Collect$$$$00000000)
    _main_stk                                0x08000189   Thumb Code     0  entry2.o(.ARM.Collect$$$$00000001)
    _main_scatterload                        0x0800018d   Thumb Code     0  entry5.o(.ARM.Collect$$$$00000004)
    __main_after_scatterload                 0x08000191   Thumb Code     0  entry5.o(.ARM.Collect$$$$00000004)
    _main_clock                              0x08000191   Thumb Code     0  entry7b.o(.ARM.Collect$$$$00000008)
    _main_cpp_init                           0x08000191   Thumb Code     0  entry8b.o(.ARM.Collect$$$$0000000A)
    _main_init                               0x08000191   Thumb Code     0  entry9a.o(.ARM.Collect$$$$0000000B)
    __rt_lib_shutdown_fini                   0x08000199   Thumb Code     0  entry12b.o(.ARM.Collect$$$$0000000E)
    __rt_final_cpp                           0x0800019d   Thumb Code     0  entry10a.o(.ARM.Collect$$$$0000000F)
    __rt_final_exit                          0x0800019d   Thumb Code     0  entry11a.o(.ARM.Collect$$$$00000011)
    Reset_Handler                            0x080001a1   Thumb Code     8  startup_stm32f407xx.o(.text)
    ADC_IRQHandler                           0x080001bb   Thumb Code     0  startup_stm32f407xx.o(.text)
    CAN1_RX0_IRQHandler                      0x080001bb   Thumb Code     0  startup_stm32f407xx.o(.text)
    CAN1_RX1_IRQHandler                      0x080001bb   Thumb Code     0  startup_stm32f407xx.o(.text)
    CAN1_SCE_IRQHandler                      0x080001bb   Thumb Code     0  startup_stm32f407xx.o(.text)
    CAN1_TX_IRQHandler                       0x080001bb   Thumb Code     0  startup_stm32f407xx.o(.text)
    CAN2_RX0_IRQHandler                      0x080001bb   Thumb Code     0  startup_stm32f407xx.o(.text)
    CAN2_RX1_IRQHandler                      0x080001bb   Thumb Code     0  startup_stm32f407xx.o(.text)
    CAN2_SCE_IRQHandler                      0x080001bb   Thumb Code     0  startup_stm32f407xx.o(.text)
    CAN2_TX_IRQHandler                       0x080001bb   Thumb Code     0  startup_stm32f407xx.o(.text)
    DCMI_IRQHandler                          0x080001bb   Thumb Code     0  startup_stm32f407xx.o(.text)
    DMA1_Stream2_IRQHandler                  0x080001bb   Thumb Code     0  startup_stm32f407xx.o(.text)
    DMA1_Stream4_IRQHandler                  0x080001bb   Thumb Code     0  startup_stm32f407xx.o(.text)
    DMA1_Stream5_IRQHandler                  0x080001bb   Thumb Code     0  startup_stm32f407xx.o(.text)
    DMA1_Stream6_IRQHandler                  0x080001bb   Thumb Code     0  startup_stm32f407xx.o(.text)
    DMA1_Stream7_IRQHandler                  0x080001bb   Thumb Code     0  startup_stm32f407xx.o(.text)
    DMA2_Stream1_IRQHandler                  0x080001bb   Thumb Code     0  startup_stm32f407xx.o(.text)
    DMA2_Stream2_IRQHandler                  0x080001bb   Thumb Code     0  startup_stm32f407xx.o(.text)
    DMA2_Stream3_IRQHandler                  0x080001bb   Thumb Code     0  startup_stm32f407xx.o(.text)
    DMA2_Stream4_IRQHandler                  0x080001bb   Thumb Code     0  startup_stm32f407xx.o(.text)
    DMA2_Stream5_IRQHandler                  0x080001bb   Thumb Code     0  startup_stm32f407xx.o(.text)
    DMA2_Stream6_IRQHandler                  0x080001bb   Thumb Code     0  startup_stm32f407xx.o(.text)
    DMA2_Stream7_IRQHandler                  0x080001bb   Thumb Code     0  startup_stm32f407xx.o(.text)
    ETH_IRQHandler                           0x080001bb   Thumb Code     0  startup_stm32f407xx.o(.text)
    ETH_WKUP_IRQHandler                      0x080001bb   Thumb Code     0  startup_stm32f407xx.o(.text)
    EXTI0_IRQHandler                         0x080001bb   Thumb Code     0  startup_stm32f407xx.o(.text)
    EXTI15_10_IRQHandler                     0x080001bb   Thumb Code     0  startup_stm32f407xx.o(.text)
    EXTI1_IRQHandler                         0x080001bb   Thumb Code     0  startup_stm32f407xx.o(.text)
    EXTI2_IRQHandler                         0x080001bb   Thumb Code     0  startup_stm32f407xx.o(.text)
    EXTI3_IRQHandler                         0x080001bb   Thumb Code     0  startup_stm32f407xx.o(.text)
    EXTI4_IRQHandler                         0x080001bb   Thumb Code     0  startup_stm32f407xx.o(.text)
    EXTI9_5_IRQHandler                       0x080001bb   Thumb Code     0  startup_stm32f407xx.o(.text)
    FLASH_IRQHandler                         0x080001bb   Thumb Code     0  startup_stm32f407xx.o(.text)
    FMC_IRQHandler                           0x080001bb   Thumb Code     0  startup_stm32f407xx.o(.text)
    FPU_IRQHandler                           0x080001bb   Thumb Code     0  startup_stm32f407xx.o(.text)
    HASH_RNG_IRQHandler                      0x080001bb   Thumb Code     0  startup_stm32f407xx.o(.text)
    I2C1_ER_IRQHandler                       0x080001bb   Thumb Code     0  startup_stm32f407xx.o(.text)
    I2C2_ER_IRQHandler                       0x080001bb   Thumb Code     0  startup_stm32f407xx.o(.text)
    I2C2_EV_IRQHandler                       0x080001bb   Thumb Code     0  startup_stm32f407xx.o(.text)
    I2C3_ER_IRQHandler                       0x080001bb   Thumb Code     0  startup_stm32f407xx.o(.text)
    I2C3_EV_IRQHandler                       0x080001bb   Thumb Code     0  startup_stm32f407xx.o(.text)
    OTG_FS_IRQHandler                        0x080001bb   Thumb Code     0  startup_stm32f407xx.o(.text)
    OTG_FS_WKUP_IRQHandler                   0x080001bb   Thumb Code     0  startup_stm32f407xx.o(.text)
    OTG_HS_EP1_IN_IRQHandler                 0x080001bb   Thumb Code     0  startup_stm32f407xx.o(.text)
    OTG_HS_EP1_OUT_IRQHandler                0x080001bb   Thumb Code     0  startup_stm32f407xx.o(.text)
    OTG_HS_IRQHandler                        0x080001bb   Thumb Code     0  startup_stm32f407xx.o(.text)
    OTG_HS_WKUP_IRQHandler                   0x080001bb   Thumb Code     0  startup_stm32f407xx.o(.text)
    PVD_IRQHandler                           0x080001bb   Thumb Code     0  startup_stm32f407xx.o(.text)
    RCC_IRQHandler                           0x080001bb   Thumb Code     0  startup_stm32f407xx.o(.text)
    RTC_Alarm_IRQHandler                     0x080001bb   Thumb Code     0  startup_stm32f407xx.o(.text)
    RTC_WKUP_IRQHandler                      0x080001bb   Thumb Code     0  startup_stm32f407xx.o(.text)
    SDIO_IRQHandler                          0x080001bb   Thumb Code     0  startup_stm32f407xx.o(.text)
    SPI2_IRQHandler                          0x080001bb   Thumb Code     0  startup_stm32f407xx.o(.text)
    SPI3_IRQHandler                          0x080001bb   Thumb Code     0  startup_stm32f407xx.o(.text)
    TAMP_STAMP_IRQHandler                    0x080001bb   Thumb Code     0  startup_stm32f407xx.o(.text)
    TIM1_BRK_TIM9_IRQHandler                 0x080001bb   Thumb Code     0  startup_stm32f407xx.o(.text)
    TIM1_CC_IRQHandler                       0x080001bb   Thumb Code     0  startup_stm32f407xx.o(.text)
    TIM1_TRG_COM_TIM11_IRQHandler            0x080001bb   Thumb Code     0  startup_stm32f407xx.o(.text)
    TIM1_UP_TIM10_IRQHandler                 0x080001bb   Thumb Code     0  startup_stm32f407xx.o(.text)
    TIM2_IRQHandler                          0x080001bb   Thumb Code     0  startup_stm32f407xx.o(.text)
    TIM3_IRQHandler                          0x080001bb   Thumb Code     0  startup_stm32f407xx.o(.text)
    TIM4_IRQHandler                          0x080001bb   Thumb Code     0  startup_stm32f407xx.o(.text)
    TIM5_IRQHandler                          0x080001bb   Thumb Code     0  startup_stm32f407xx.o(.text)
    TIM6_DAC_IRQHandler                      0x080001bb   Thumb Code     0  startup_stm32f407xx.o(.text)
    TIM7_IRQHandler                          0x080001bb   Thumb Code     0  startup_stm32f407xx.o(.text)
    TIM8_BRK_TIM12_IRQHandler                0x080001bb   Thumb Code     0  startup_stm32f407xx.o(.text)
    TIM8_CC_IRQHandler                       0x080001bb   Thumb Code     0  startup_stm32f407xx.o(.text)
    TIM8_TRG_COM_TIM14_IRQHandler            0x080001bb   Thumb Code     0  startup_stm32f407xx.o(.text)
    TIM8_UP_TIM13_IRQHandler                 0x080001bb   Thumb Code     0  startup_stm32f407xx.o(.text)
    UART4_IRQHandler                         0x080001bb   Thumb Code     0  startup_stm32f407xx.o(.text)
    UART5_IRQHandler                         0x080001bb   Thumb Code     0  startup_stm32f407xx.o(.text)
    USART1_IRQHandler                        0x080001bb   Thumb Code     0  startup_stm32f407xx.o(.text)
    USART2_IRQHandler                        0x080001bb   Thumb Code     0  startup_stm32f407xx.o(.text)
    USART6_IRQHandler                        0x080001bb   Thumb Code     0  startup_stm32f407xx.o(.text)
    WWDG_IRQHandler                          0x080001bb   Thumb Code     0  startup_stm32f407xx.o(.text)
    __aeabi_uldivmod                         0x080001c5   Thumb Code    98  uldiv.o(.text)
    __aeabi_memset                           0x08000227   Thumb Code    14  memseta.o(.text)
    __aeabi_memset4                          0x08000227   Thumb Code     0  memseta.o(.text)
    __aeabi_memset8                          0x08000227   Thumb Code     0  memseta.o(.text)
    __aeabi_memclr                           0x08000235   Thumb Code     4  memseta.o(.text)
    __aeabi_memclr4                          0x08000235   Thumb Code     0  memseta.o(.text)
    __aeabi_memclr8                          0x08000235   Thumb Code     0  memseta.o(.text)
    _memset$wrapper                          0x08000239   Thumb Code    18  memseta.o(.text)
    strlen                                   0x0800024b   Thumb Code    14  strlen.o(.text)
    strcpy                                   0x08000259   Thumb Code    18  strcpy.o(.text)
    calloc                                   0x0800026b   Thumb Code    28  calloc.o(.text)
    __aeabi_dadd                             0x08000287   Thumb Code   322  dadd.o(.text)
    __aeabi_dsub                             0x080003c9   Thumb Code     6  dadd.o(.text)
    __aeabi_drsub                            0x080003cf   Thumb Code     6  dadd.o(.text)
    __aeabi_dmul                             0x080003d5   Thumb Code   228  dmul.o(.text)
    __aeabi_ddiv                             0x080004b9   Thumb Code   222  ddiv.o(.text)
    __aeabi_ui2d                             0x08000597   Thumb Code    26  dfltui.o(.text)
    __aeabi_d2uiz                            0x080005b1   Thumb Code    50  dfixui.o(.text)
    __aeabi_f2d                              0x080005e3   Thumb Code    38  f2d.o(.text)
    __aeabi_d2f                              0x08000609   Thumb Code    56  d2f.o(.text)
    __aeabi_uidiv                            0x08000641   Thumb Code     0  uidiv.o(.text)
    __aeabi_uidivmod                         0x08000641   Thumb Code    44  uidiv.o(.text)
    __aeabi_llsl                             0x0800066d   Thumb Code    30  llshl.o(.text)
    _ll_shift_l                              0x0800066d   Thumb Code     0  llshl.o(.text)
    __aeabi_llsr                             0x0800068b   Thumb Code    32  llushr.o(.text)
    _ll_ushift_r                             0x0800068b   Thumb Code     0  llushr.o(.text)
    __aeabi_lasr                             0x080006ab   Thumb Code    36  llsshr.o(.text)
    _ll_sshift_r                             0x080006ab   Thumb Code     0  llsshr.o(.text)
    __I$use$fp                               0x080006cf   Thumb Code     0  iusefp.o(.text)
    _float_round                             0x080006cf   Thumb Code    18  fepilogue.o(.text)
    _float_epilogue                          0x080006e1   Thumb Code    92  fepilogue.o(.text)
    _double_round                            0x0800073d   Thumb Code    30  depilogue.o(.text)
    _double_epilogue                         0x0800075b   Thumb Code   156  depilogue.o(.text)
    __aeabi_d2ulz                            0x080007f7   Thumb Code    48  dfixul.o(.text)
    __aeabi_cdrcmple                         0x08000829   Thumb Code    48  cdrcmple.o(.text)
    __scatterload                            0x08000859   Thumb Code    28  init.o(.text)
    __scatterload_rt2                        0x08000859   Thumb Code     0  init.o(.text)
    BCD2DEC                                  0x08000a35   Thumb Code    18  main.o(i.BCD2DEC)
    BH1750_convert                           0x08000a49   Thumb Code    38  bh1750.o(i.BH1750_convert)
    BH1750_get_lumen                         0x08000a79   Thumb Code    18  bh1750.o(i.BH1750_get_lumen)
    BH1750_init_dev                          0x08000a8b   Thumb Code    30  bh1750.o(i.BH1750_init_dev)
    BH1750_init_dev_struct                   0x08000aa9   Thumb Code    74  bh1750.o(i.BH1750_init_dev_struct)
    BH1750_poll_self                         0x08000af9   Thumb Code     4  bh1750.o(i.BH1750_poll_self)
    BH1750_read_dev                          0x08000afd   Thumb Code    30  bh1750.o(i.BH1750_read_dev)
    BH1750_send_command                      0x08000b1b   Thumb Code    28  bh1750.o(i.BH1750_send_command)
    BusFault_Handler                         0x08000b37   Thumb Code     2  stm32f4xx_it.o(i.BusFault_Handler)
    DEC2BCD                                  0x08000b39   Thumb Code    22  main.o(i.DEC2BCD)
    DHT22_Check_Response                     0x08000b61   Thumb Code   156  dht_22.o(i.DHT22_Check_Response)
    DHT22_Read                               0x08000c01   Thumb Code    88  dht_22.o(i.DHT22_Read)
    DMA1_Stream0_IRQHandler                  0x08000c5d   Thumb Code     6  stm32f4xx_it.o(i.DMA1_Stream0_IRQHandler)
    DMA1_Stream1_IRQHandler                  0x08000c69   Thumb Code     6  stm32f4xx_it.o(i.DMA1_Stream1_IRQHandler)
    DMA1_Stream3_IRQHandler                  0x08000c75   Thumb Code     6  stm32f4xx_it.o(i.DMA1_Stream3_IRQHandler)
    DMA2_Stream0_IRQHandler                  0x08000c81   Thumb Code     6  stm32f4xx_it.o(i.DMA2_Stream0_IRQHandler)
    DebugMon_Handler                         0x08000d31   Thumb Code     2  stm32f4xx_it.o(i.DebugMon_Handler)
    Error_Handler                            0x08000d33   Thumb Code     4  main.o(i.Error_Handler)
    FATFS_LinkDriver                         0x08000d37   Thumb Code     6  ff_gen_drv.o(i.FATFS_LinkDriver)
    FATFS_LinkDriverEx                       0x08000d3d   Thumb Code    58  ff_gen_drv.o(i.FATFS_LinkDriverEx)
    HAL_ADC_ConfigChannel                    0x08000d7d   Thumb Code   316  stm32f4xx_hal_adc.o(i.HAL_ADC_ConfigChannel)
    HAL_ADC_ConvCpltCallback                 0x08000ec9   Thumb Code     2  stm32f4xx_hal_adc.o(i.HAL_ADC_ConvCpltCallback)
    HAL_ADC_ConvHalfCpltCallback             0x08000ecb   Thumb Code     2  stm32f4xx_hal_adc.o(i.HAL_ADC_ConvHalfCpltCallback)
    HAL_ADC_ErrorCallback                    0x08000ecd   Thumb Code     2  stm32f4xx_hal_adc.o(i.HAL_ADC_ErrorCallback)
    HAL_ADC_Init                             0x08000ecf   Thumb Code    84  stm32f4xx_hal_adc.o(i.HAL_ADC_Init)
    HAL_ADC_MspInit                          0x08000f25   Thumb Code   132  stm32f4xx_hal_msp.o(i.HAL_ADC_MspInit)
    HAL_ADC_Start_DMA                        0x08000fbd   Thumb Code   302  stm32f4xx_hal_adc.o(i.HAL_ADC_Start_DMA)
    HAL_DMA_Abort                            0x08001111   Thumb Code   142  stm32f4xx_hal_dma.o(i.HAL_DMA_Abort)
    HAL_DMA_Abort_IT                         0x0800119f   Thumb Code    36  stm32f4xx_hal_dma.o(i.HAL_DMA_Abort_IT)
    HAL_DMA_GetState                         0x080011c3   Thumb Code     6  stm32f4xx_hal_dma.o(i.HAL_DMA_GetState)
    HAL_DMA_IRQHandler                       0x080011c9   Thumb Code   412  stm32f4xx_hal_dma.o(i.HAL_DMA_IRQHandler)
    HAL_DMA_Init                             0x08001369   Thumb Code   206  stm32f4xx_hal_dma.o(i.HAL_DMA_Init)
    HAL_DMA_Start_IT                         0x0800143d   Thumb Code   110  stm32f4xx_hal_dma.o(i.HAL_DMA_Start_IT)
    HAL_Delay                                0x080014ad   Thumb Code    32  stm32f4xx_hal.o(i.HAL_Delay)
    HAL_GPIO_Init                            0x080014d1   Thumb Code   448  stm32f4xx_hal_gpio.o(i.HAL_GPIO_Init)
    HAL_GPIO_ReadPin                         0x080016bd   Thumb Code    10  stm32f4xx_hal_gpio.o(i.HAL_GPIO_ReadPin)
    HAL_GPIO_WritePin                        0x080016c7   Thumb Code    10  stm32f4xx_hal_gpio.o(i.HAL_GPIO_WritePin)
    HAL_GetTick                              0x080016d1   Thumb Code     6  stm32f4xx_hal.o(i.HAL_GetTick)
    HAL_I2C_AbortCpltCallback                0x080016dd   Thumb Code     2  stm32f4xx_hal_i2c.o(i.HAL_I2C_AbortCpltCallback)
    HAL_I2C_AddrCallback                     0x080016df   Thumb Code     2  stm32f4xx_hal_i2c.o(i.HAL_I2C_AddrCallback)
    HAL_I2C_EV_IRQHandler                    0x080016e1   Thumb Code   612  stm32f4xx_hal_i2c.o(i.HAL_I2C_EV_IRQHandler)
    HAL_I2C_ErrorCallback                    0x08001945   Thumb Code     2  stm32f4xx_hal_i2c.o(i.HAL_I2C_ErrorCallback)
    HAL_I2C_Init                             0x08001949   Thumb Code   376  stm32f4xx_hal_i2c.o(i.HAL_I2C_Init)
    HAL_I2C_ListenCpltCallback               0x08001ad1   Thumb Code     2  stm32f4xx_hal_i2c.o(i.HAL_I2C_ListenCpltCallback)
    HAL_I2C_MasterRxCpltCallback             0x08001ad3   Thumb Code     2  stm32f4xx_hal_i2c.o(i.HAL_I2C_MasterRxCpltCallback)
    HAL_I2C_MasterTxCpltCallback             0x08001ad5   Thumb Code     2  stm32f4xx_hal_i2c.o(i.HAL_I2C_MasterTxCpltCallback)
    HAL_I2C_Master_Receive                   0x08001ad9   Thumb Code   468  stm32f4xx_hal_i2c.o(i.HAL_I2C_Master_Receive)
    HAL_I2C_Master_Transmit                  0x08001cb9   Thumb Code   290  stm32f4xx_hal_i2c.o(i.HAL_I2C_Master_Transmit)
    HAL_I2C_MemRxCpltCallback                0x08001de5   Thumb Code     2  stm32f4xx_hal_i2c.o(i.HAL_I2C_MemRxCpltCallback)
    HAL_I2C_MemTxCpltCallback                0x08001de7   Thumb Code     2  stm32f4xx_hal_i2c.o(i.HAL_I2C_MemTxCpltCallback)
    HAL_I2C_Mem_Read_IT                      0x08001de9   Thumb Code   216  stm32f4xx_hal_i2c.o(i.HAL_I2C_Mem_Read_IT)
    HAL_I2C_Mem_Write_IT                     0x08001ec9   Thumb Code   202  stm32f4xx_hal_i2c.o(i.HAL_I2C_Mem_Write_IT)
    HAL_I2C_MspInit                          0x08001f9d   Thumb Code   156  stm32f4xx_hal_msp.o(i.HAL_I2C_MspInit)
    HAL_I2C_SlaveRxCpltCallback              0x0800204d   Thumb Code     2  stm32f4xx_hal_i2c.o(i.HAL_I2C_SlaveRxCpltCallback)
    HAL_I2C_SlaveTxCpltCallback              0x0800204f   Thumb Code     2  stm32f4xx_hal_i2c.o(i.HAL_I2C_SlaveTxCpltCallback)
    HAL_IncTick                              0x08002051   Thumb Code    12  stm32f4xx_hal.o(i.HAL_IncTick)
    HAL_Init                                 0x08002061   Thumb Code    48  stm32f4xx_hal.o(i.HAL_Init)
    HAL_InitTick                             0x08002095   Thumb Code    54  stm32f4xx_hal.o(i.HAL_InitTick)
    HAL_MspInit                              0x080020d5   Thumb Code    42  stm32f4xx_hal_msp.o(i.HAL_MspInit)
    HAL_NVIC_EnableIRQ                       0x08002105   Thumb Code    26  stm32f4xx_hal_cortex.o(i.HAL_NVIC_EnableIRQ)
    HAL_NVIC_SetPriority                     0x08002121   Thumb Code    60  stm32f4xx_hal_cortex.o(i.HAL_NVIC_SetPriority)
    HAL_NVIC_SetPriorityGrouping             0x08002161   Thumb Code    26  stm32f4xx_hal_cortex.o(i.HAL_NVIC_SetPriorityGrouping)
    HAL_RCC_ClockConfig                      0x08002185   Thumb Code   288  stm32f4xx_hal_rcc.o(i.HAL_RCC_ClockConfig)
    HAL_RCC_GetPCLK1Freq                     0x080022b9   Thumb Code    20  stm32f4xx_hal_rcc.o(i.HAL_RCC_GetPCLK1Freq)
    HAL_RCC_GetPCLK2Freq                     0x080022d9   Thumb Code    20  stm32f4xx_hal_rcc.o(i.HAL_RCC_GetPCLK2Freq)
    HAL_RCC_GetSysClockFreq                  0x080022f9   Thumb Code    88  stm32f4xx_hal_rcc.o(i.HAL_RCC_GetSysClockFreq)
    HAL_RCC_OscConfig                        0x08002359   Thumb Code   856  stm32f4xx_hal_rcc.o(i.HAL_RCC_OscConfig)
    HAL_SPI_ErrorCallback                    0x080026c5   Thumb Code     2  stm32f4xx_hal_spi.o(i.HAL_SPI_ErrorCallback)
    HAL_SPI_GetState                         0x080026c7   Thumb Code     6  stm32f4xx_hal_spi.o(i.HAL_SPI_GetState)
    HAL_SPI_IRQHandler                       0x080026cd   Thumb Code   246  stm32f4xx_hal_spi.o(i.HAL_SPI_IRQHandler)
    HAL_SPI_Init                             0x080027c9   Thumb Code   188  stm32f4xx_hal_spi.o(i.HAL_SPI_Init)
    HAL_SPI_MspInit                          0x08002885   Thumb Code   108  stm32f4xx_hal_msp.o(i.HAL_SPI_MspInit)
    HAL_SPI_Transmit                         0x080028fd   Thumb Code   358  stm32f4xx_hal_spi.o(i.HAL_SPI_Transmit)
    HAL_SPI_TransmitReceive                  0x08002a63   Thumb Code   482  stm32f4xx_hal_spi.o(i.HAL_SPI_TransmitReceive)
    HAL_SYSTICK_Config                       0x08002c45   Thumb Code    40  stm32f4xx_hal_cortex.o(i.HAL_SYSTICK_Config)
    HAL_TIMEx_MasterConfigSynchronization    0x08002c6d   Thumb Code   116  stm32f4xx_hal_tim_ex.o(i.HAL_TIMEx_MasterConfigSynchronization)
    HAL_TIM_Base_Init                        0x08002cfd   Thumb Code    90  stm32f4xx_hal_tim.o(i.HAL_TIM_Base_Init)
    HAL_TIM_Base_MspInit                     0x08002d59   Thumb Code    30  stm32f4xx_hal_msp.o(i.HAL_TIM_Base_MspInit)
    HAL_TIM_Base_Start                       0x08002d81   Thumb Code    90  stm32f4xx_hal_tim.o(i.HAL_TIM_Base_Start)
    HAL_UARTEx_RxEventCallback               0x08002df9   Thumb Code     2  stm32f4xx_hal_uart.o(i.HAL_UARTEx_RxEventCallback)
    HAL_UART_ErrorCallback                   0x08002dfb   Thumb Code     2  stm32f4xx_hal_uart.o(i.HAL_UART_ErrorCallback)
    HAL_UART_IRQHandler                      0x08002dfd   Thumb Code   522  stm32f4xx_hal_uart.o(i.HAL_UART_IRQHandler)
    HAL_UART_Init                            0x0800300d   Thumb Code    98  stm32f4xx_hal_uart.o(i.HAL_UART_Init)
    HAL_UART_MspInit                         0x08003071   Thumb Code   210  stm32f4xx_hal_msp.o(i.HAL_UART_MspInit)
    HAL_UART_Receive_DMA                     0x0800315d   Thumb Code    42  stm32f4xx_hal_uart.o(i.HAL_UART_Receive_DMA)
    HAL_UART_RxCpltCallback                  0x08003187   Thumb Code     2  stm32f4xx_hal_uart.o(i.HAL_UART_RxCpltCallback)
    HAL_UART_RxHalfCpltCallback              0x08003189   Thumb Code     2  stm32f4xx_hal_uart.o(i.HAL_UART_RxHalfCpltCallback)
    HAL_UART_Transmit_IT                     0x0800318b   Thumb Code    62  stm32f4xx_hal_uart.o(i.HAL_UART_Transmit_IT)
    HAL_UART_TxCpltCallback                  0x080031c9   Thumb Code     2  stm32f4xx_hal_uart.o(i.HAL_UART_TxCpltCallback)
    HardFault_Handler                        0x080031cb   Thumb Code     2  stm32f4xx_it.o(i.HardFault_Handler)
    I2C1_EV_IRQHandler                       0x080031cd   Thumb Code     6  stm32f4xx_it.o(i.I2C1_EV_IRQHandler)
    MX_FATFS_Init                            0x08003ef9   Thumb Code    18  fatfs.o(i.MX_FATFS_Init)
    MemManage_Handler                        0x08004005   Thumb Code     2  stm32f4xx_it.o(i.MemManage_Handler)
    NMI_Handler                              0x08004007   Thumb Code     2  stm32f4xx_it.o(i.NMI_Handler)
    PendSV_Handler                           0x08004009   Thumb Code     2  stm32f4xx_it.o(i.PendSV_Handler)
    SDTimer_Handler                          0x0800400d   Thumb Code    26  stm32f4xx_it.o(i.SDTimer_Handler)
    SD_disk_initialize                       0x080041e9   Thumb Code   304  fatfs_sd.o(i.SD_disk_initialize)
    SD_disk_ioctl                            0x08004321   Thumb Code   318  fatfs_sd.o(i.SD_disk_ioctl)
    SD_disk_read                             0x08004465   Thumb Code   146  fatfs_sd.o(i.SD_disk_read)
    SD_disk_status                           0x080044fd   Thumb Code    12  fatfs_sd.o(i.SD_disk_status)
    SD_disk_write                            0x0800450d   Thumb Code   178  fatfs_sd.o(i.SD_disk_write)
    SPI1_IRQHandler                          0x080045d5   Thumb Code     6  stm32f4xx_it.o(i.SPI1_IRQHandler)
    SVC_Handler                              0x08004755   Thumb Code     2  stm32f4xx_it.o(i.SVC_Handler)
    Set_Pin_Input                            0x08004757   Thumb Code    38  dht_22.o(i.Set_Pin_Input)
    Set_Pin_Output                           0x0800477d   Thumb Code    38  dht_22.o(i.Set_Pin_Output)
    SysTick_Handler                          0x080047a5   Thumb Code    34  stm32f4xx_it.o(i.SysTick_Handler)
    SystemClock_Config                       0x080047cd   Thumb Code   142  main.o(i.SystemClock_Config)
    SystemInit                               0x08004865   Thumb Code    12  system_stm32f4xx.o(i.SystemInit)
    TIM_Base_SetConfig                       0x08004875   Thumb Code   156  stm32f4xx_hal_tim.o(i.TIM_Base_SetConfig)
    UART_Start_Receive_DMA                   0x08004c09   Thumb Code    98  stm32f4xx_hal_uart.o(i.UART_Start_Receive_DMA)
    USART3_IRQHandler                        0x08004c79   Thumb Code     6  stm32f4xx_it.o(i.USART3_IRQHandler)
    USER_initialize                          0x08004c85   Thumb Code     4  user_diskio.o(i.USER_initialize)
    USER_ioctl                               0x08004c89   Thumb Code     4  user_diskio.o(i.USER_ioctl)
    USER_read                                0x08004c8d   Thumb Code     4  user_diskio.o(i.USER_read)
    USER_status                              0x08004c91   Thumb Code     4  user_diskio.o(i.USER_status)
    USER_write                               0x08004c95   Thumb Code     4  user_diskio.o(i.USER_write)
    UsageFault_Handler                       0x08004c99   Thumb Code     2  stm32f4xx_it.o(i.UsageFault_Handler)
    __0sprintf                               0x08004c9d   Thumb Code    34  printfa.o(i.__0sprintf)
    __1sprintf                               0x08004c9d   Thumb Code     0  printfa.o(i.__0sprintf)
    __2sprintf                               0x08004c9d   Thumb Code     0  printfa.o(i.__0sprintf)
    __c89sprintf                             0x08004c9d   Thumb Code     0  printfa.o(i.__0sprintf)
    sprintf                                  0x08004c9d   Thumb Code     0  printfa.o(i.__0sprintf)
    __scatterload_copy                       0x08004ce5   Thumb Code    14  handlers.o(i.__scatterload_copy)
    __scatterload_null                       0x08004cf3   Thumb Code     2  handlers.o(i.__scatterload_null)
    __scatterload_zeroinit                   0x08004cf5   Thumb Code    14  handlers.o(i.__scatterload_zeroinit)
    cal_mw                                   0x08005599   Thumb Code    52  main.o(i.cal_mw)
    delayus                                  0x08005a81   Thumb Code    18  dht_22.o(i.delayus)
    disk_initialize                          0x08005ee1   Thumb Code    36  diskio.o(i.disk_initialize)
    disk_ioctl                               0x08005f09   Thumb Code    24  diskio.o(i.disk_ioctl)
    disk_read                                0x08005f25   Thumb Code    24  diskio.o(i.disk_read)
    disk_status                              0x08005f41   Thumb Code    18  diskio.o(i.disk_status)
    disk_write                               0x08005f59   Thumb Code    24  diskio.o(i.disk_write)
    ds1307_cal                               0x08005f75   Thumb Code    72  main.o(i.ds1307_cal)
    f_close                                  0x08005fc5   Thumb Code    40  ff.o(i.f_close)
    f_mount                                  0x08005fed   Thumb Code    84  ff.o(i.f_mount)
    f_open                                   0x08006045   Thumb Code   534  ff.o(i.f_open)
    f_puts                                   0x08006261   Thumb Code    38  ff.o(i.f_puts)
    f_sync                                   0x08006287   Thumb Code   142  ff.o(i.f_sync)
    f_write                                  0x08006315   Thumb Code   434  ff.o(i.f_write)
    ff_convert                               0x080064c9   Thumb Code    52  ccsbcs.o(i.ff_convert)
    ff_wtoupper                              0x08006501   Thumb Code   120  ccsbcs.o(i.ff_wtoupper)
    get_fattime                              0x080069f5   Thumb Code     4  fatfs.o(i.get_fattime)
    init_DHT22                               0x08006ab5   Thumb Code     6  dht_22.o(i.init_DHT22)
    init_microSD                             0x08006ac1   Thumb Code    40  main.o(i.init_microSD)
    lcd_init                                 0x08006b31   Thumb Code   120  i2c-2004.o(i.lcd_init)
    lcd_send_cmd                             0x08006ba9   Thumb Code    58  i2c-2004.o(i.lcd_send_cmd)
    lcd_send_data                            0x08006be9   Thumb Code    58  i2c-2004.o(i.lcd_send_data)
    lcd_send_string                          0x08006c29   Thumb Code    20  i2c-2004.o(i.lcd_send_string)
    lcd_show                                 0x08006c3d   Thumb Code   386  main.o(i.lcd_show)
    leds_microSD                             0x08006e65   Thumb Code    98  main.o(i.leds_microSD)
    main                                     0x08006ed1   Thumb Code   438  main.o(i.main)
    malloc                                   0x080070e1   Thumb Code    92  malloc.o(i.malloc)
    read_bh1750                              0x08007335   Thumb Code    34  main.o(i.read_bh1750)
    read_dht22                               0x0800735d   Thumb Code   160  main.o(i.read_dht22)
    receive_uart_1                           0x08007409   Thumb Code    46  main.o(i.receive_uart_1)
    receive_uart_2                           0x0800743d   Thumb Code   150  main.o(i.receive_uart_2)
    receive_uart_3                           0x080074dd   Thumb Code   104  main.o(i.receive_uart_3)
    relay_off                                0x08007549   Thumb Code    62  main.o(i.relay_off)
    relay_on                                 0x08007591   Thumb Code   110  main.o(i.relay_on)
    send_uart                                0x0800767d   Thumb Code   522  main.o(i.send_uart)
    stop_microSD                             0x080078d5   Thumb Code    36  main.o(i.stop_microSD)
    write_microSD                            0x08007a31   Thumb Code   108  main.o(i.write_microSD)
    AHBPrescTable                            0x08007ad0   Data          16  system_stm32f4xx.o(.constdata)
    APBPrescTable                            0x08007ae0   Data           8  system_stm32f4xx.o(.constdata)
    Region$$Table$$Base                      0x08007f40   Number         0  anon$$obj.o(Region$$Table)
    Region$$Table$$Limit                     0x08007f60   Number         0  anon$$obj.o(Region$$Table)
    fresult                                  0x20000000   Data           1  main.o(.data)
    receive_data                             0x20000020   Data           7  main.o(.data)
    send_data                                0x20000027   Data           7  main.o(.data)
    USER_Driver                              0x20000030   Data          20  user_diskio.o(.data)
    retUSER                                  0x20000044   Data           1  fatfs.o(.data)
    USERPath                                 0x20000045   Data           4  fatfs.o(.data)
    FatFsCnt                                 0x20000049   Data           1  stm32f4xx_it.o(.data)
    Timer1                                   0x2000004a   Data           1  stm32f4xx_it.o(.data)
    Timer2                                   0x2000004b   Data           1  stm32f4xx_it.o(.data)
    uwTickFreq                               0x20000050   Data           1  stm32f4xx_hal.o(.data)
    uwTickPrio                               0x20000054   Data           4  stm32f4xx_hal.o(.data)
    uwTick                                   0x20000058   Data           4  stm32f4xx_hal.o(.data)
    SystemCoreClock                          0x2000005c   Data           4  system_stm32f4xx.o(.data)
    __microlib_freelist                      0x20000068   Data           4  mvars.o(.data)
    __microlib_freelist_initialised          0x2000006c   Data           4  mvars.o(.data)
    send                                     0x20000070   Data          33  main.o(.bss)
    hadc1                                    0x20000094   Data          72  main.o(.bss)
    hi2c1                                    0x200000dc   Data          84  main.o(.bss)
    hspi1                                    0x20000130   Data          88  main.o(.bss)
    htim6                                    0x20000188   Data          72  main.o(.bss)
    huart3                                   0x200001d0   Data          68  main.o(.bss)
    receive                                  0x20000214   Data          16  main.o(.bss)
    fs                                       0x20000224   Data        4152  main.o(.bss)
    fil                                      0x2000125c   Data        4144  main.o(.bss)
    buf_space                                0x2000228c   Data        1024  main.o(.bss)
    hdma_adc1                                0x2000268c   Data          96  main.o(.bss)
    hdma_i2c1_rx                             0x200026ec   Data          96  main.o(.bss)
    hdma_usart3_rx                           0x2000274c   Data          96  main.o(.bss)
    hdma_usart3_tx                           0x200027ac   Data          96  main.o(.bss)
    disk                                     0x20002a2c   Data          12  ff_gen_drv.o(.bss)
    __heap_base                              0x20002a38   Data           0  startup_stm32f407xx.o(HEAP)
    __heap_limit                             0x20002c38   Data           0  startup_stm32f407xx.o(HEAP)
    __initial_sp                             0x20003038   Data           0  startup_stm32f407xx.o(STACK)



==============================================================================

Memory Map of the image

  Image Entry point : 0x08000189

  Load Region LR_IROM1 (Base: 0x08000000, Size: 0x00007fd0, Max: 0x00100000, ABSOLUTE)

    Execution Region ER_IROM1 (Exec base: 0x08000000, Load base: 0x08000000, Size: 0x00007f60, Max: 0x00100000, ABSOLUTE)

    Exec Addr    Load Addr    Size         Type   Attr      Idx    E Section Name        Object

    0x08000000   0x08000000   0x00000188   Data   RO            3    RESET               startup_stm32f407xx.o
    0x08000188   0x08000188   0x00000000   Code   RO         4979  * .ARM.Collect$$$$00000000  mc_w.l(entry.o)
    0x08000188   0x08000188   0x00000004   Code   RO         5295    .ARM.Collect$$$$00000001  mc_w.l(entry2.o)
    0x0800018c   0x0800018c   0x00000004   Code   RO         5298    .ARM.Collect$$$$00000004  mc_w.l(entry5.o)
    0x08000190   0x08000190   0x00000000   Code   RO         5300    .ARM.Collect$$$$00000008  mc_w.l(entry7b.o)
    0x08000190   0x08000190   0x00000000   Code   RO         5302    .ARM.Collect$$$$0000000A  mc_w.l(entry8b.o)
    0x08000190   0x08000190   0x00000008   Code   RO         5303    .ARM.Collect$$$$0000000B  mc_w.l(entry9a.o)
    0x08000198   0x08000198   0x00000004   Code   RO         5310    .ARM.Collect$$$$0000000E  mc_w.l(entry12b.o)
    0x0800019c   0x0800019c   0x00000000   Code   RO         5305    .ARM.Collect$$$$0000000F  mc_w.l(entry10a.o)
    0x0800019c   0x0800019c   0x00000000   Code   RO         5307    .ARM.Collect$$$$00000011  mc_w.l(entry11a.o)
    0x0800019c   0x0800019c   0x00000004   Code   RO         5296    .ARM.Collect$$$$00002712  mc_w.l(entry2.o)
    0x080001a0   0x080001a0   0x00000024   Code   RO            4    .text               startup_stm32f407xx.o
    0x080001c4   0x080001c4   0x00000062   Code   RO         4982    .text               mc_w.l(uldiv.o)
    0x08000226   0x08000226   0x00000024   Code   RO         4984    .text               mc_w.l(memseta.o)
    0x0800024a   0x0800024a   0x0000000e   Code   RO         4986    .text               mc_w.l(strlen.o)
    0x08000258   0x08000258   0x00000012   Code   RO         4988    .text               mc_w.l(strcpy.o)
    0x0800026a   0x0800026a   0x0000001c   Code   RO         5279    .text               mc_w.l(calloc.o)
    0x08000286   0x08000286   0x0000014e   Code   RO         5281    .text               mf_w.l(dadd.o)
    0x080003d4   0x080003d4   0x000000e4   Code   RO         5283    .text               mf_w.l(dmul.o)
    0x080004b8   0x080004b8   0x000000de   Code   RO         5285    .text               mf_w.l(ddiv.o)
    0x08000596   0x08000596   0x0000001a   Code   RO         5287    .text               mf_w.l(dfltui.o)
    0x080005b0   0x080005b0   0x00000032   Code   RO         5289    .text               mf_w.l(dfixui.o)
    0x080005e2   0x080005e2   0x00000026   Code   RO         5291    .text               mf_w.l(f2d.o)
    0x08000608   0x08000608   0x00000038   Code   RO         5293    .text               mf_w.l(d2f.o)
    0x08000640   0x08000640   0x0000002c   Code   RO         5314    .text               mc_w.l(uidiv.o)
    0x0800066c   0x0800066c   0x0000001e   Code   RO         5316    .text               mc_w.l(llshl.o)
    0x0800068a   0x0800068a   0x00000020   Code   RO         5318    .text               mc_w.l(llushr.o)
    0x080006aa   0x080006aa   0x00000024   Code   RO         5320    .text               mc_w.l(llsshr.o)
    0x080006ce   0x080006ce   0x00000000   Code   RO         5328    .text               mc_w.l(iusefp.o)
    0x080006ce   0x080006ce   0x0000006e   Code   RO         5329    .text               mf_w.l(fepilogue.o)
    0x0800073c   0x0800073c   0x000000ba   Code   RO         5331    .text               mf_w.l(depilogue.o)
    0x080007f6   0x080007f6   0x00000030   Code   RO         5333    .text               mf_w.l(dfixul.o)
    0x08000826   0x08000826   0x00000002   PAD
    0x08000828   0x08000828   0x00000030   Code   RO         5335    .text               mf_w.l(cdrcmple.o)
    0x08000858   0x08000858   0x00000024   Code   RO         5337    .text               mc_w.l(init.o)
    0x0800087c   0x0800087c   0x0000006e   Code   RO          919    i.ADC_DMAConvCplt   stm32f4xx_hal_adc.o
    0x080008ea   0x080008ea   0x00000016   Code   RO          920    i.ADC_DMAError      stm32f4xx_hal_adc.o
    0x08000900   0x08000900   0x0000000a   Code   RO          921    i.ADC_DMAHalfConvCplt  stm32f4xx_hal_adc.o
    0x0800090a   0x0800090a   0x00000002   PAD
    0x0800090c   0x0800090c   0x00000128   Code   RO          922    i.ADC_Init          stm32f4xx_hal_adc.o
    0x08000a34   0x08000a34   0x00000012   Code   RO           13    i.BCD2DEC           main.o
    0x08000a46   0x08000a46   0x00000002   PAD
    0x08000a48   0x08000a48   0x00000030   Code   RO          745    i.BH1750_convert    bh1750.o
    0x08000a78   0x08000a78   0x00000012   Code   RO          746    i.BH1750_get_lumen  bh1750.o
    0x08000a8a   0x08000a8a   0x0000001e   Code   RO          747    i.BH1750_init_dev   bh1750.o
    0x08000aa8   0x08000aa8   0x00000050   Code   RO          748    i.BH1750_init_dev_struct  bh1750.o
    0x08000af8   0x08000af8   0x00000004   Code   RO          749    i.BH1750_poll_self  bh1750.o
    0x08000afc   0x08000afc   0x0000001e   Code   RO          750    i.BH1750_read_dev   bh1750.o
    0x08000b1a   0x08000b1a   0x0000001c   Code   RO          751    i.BH1750_send_command  bh1750.o
    0x08000b36   0x08000b36   0x00000002   Code   RO          437    i.BusFault_Handler  stm32f4xx_it.o
    0x08000b38   0x08000b38   0x00000016   Code   RO           14    i.DEC2BCD           main.o
    0x08000b4e   0x08000b4e   0x00000002   PAD
    0x08000b50   0x08000b50   0x00000010   Code   RO          649    i.DESELECT          fatfs_sd.o
    0x08000b60   0x08000b60   0x000000a0   Code   RO          818    i.DHT22_Check_Response  dht_22.o
    0x08000c00   0x08000c00   0x0000005c   Code   RO          819    i.DHT22_Read        dht_22.o
    0x08000c5c   0x08000c5c   0x0000000c   Code   RO          438    i.DMA1_Stream0_IRQHandler  stm32f4xx_it.o
    0x08000c68   0x08000c68   0x0000000c   Code   RO          439    i.DMA1_Stream1_IRQHandler  stm32f4xx_it.o
    0x08000c74   0x08000c74   0x0000000c   Code   RO          440    i.DMA1_Stream3_IRQHandler  stm32f4xx_it.o
    0x08000c80   0x08000c80   0x0000000c   Code   RO          441    i.DMA2_Stream0_IRQHandler  stm32f4xx_it.o
    0x08000c8c   0x08000c8c   0x00000028   Code   RO         1656    i.DMA_CalcBaseAndBitshift  stm32f4xx_hal_dma.o
    0x08000cb4   0x08000cb4   0x00000054   Code   RO         1657    i.DMA_CheckFifoParam  stm32f4xx_hal_dma.o
    0x08000d08   0x08000d08   0x00000028   Code   RO         1658    i.DMA_SetConfig     stm32f4xx_hal_dma.o
    0x08000d30   0x08000d30   0x00000002   Code   RO          442    i.DebugMon_Handler  stm32f4xx_it.o
    0x08000d32   0x08000d32   0x00000004   Code   RO           15    i.Error_Handler     main.o
    0x08000d36   0x08000d36   0x00000006   Code   RO         4876    i.FATFS_LinkDriver  ff_gen_drv.o
    0x08000d3c   0x08000d3c   0x00000040   Code   RO         4877    i.FATFS_LinkDriverEx  ff_gen_drv.o
    0x08000d7c   0x08000d7c   0x0000014c   Code   RO          924    i.HAL_ADC_ConfigChannel  stm32f4xx_hal_adc.o
    0x08000ec8   0x08000ec8   0x00000002   Code   RO          925    i.HAL_ADC_ConvCpltCallback  stm32f4xx_hal_adc.o
    0x08000eca   0x08000eca   0x00000002   Code   RO          926    i.HAL_ADC_ConvHalfCpltCallback  stm32f4xx_hal_adc.o
    0x08000ecc   0x08000ecc   0x00000002   Code   RO          928    i.HAL_ADC_ErrorCallback  stm32f4xx_hal_adc.o
    0x08000ece   0x08000ece   0x00000054   Code   RO          933    i.HAL_ADC_Init      stm32f4xx_hal_adc.o
    0x08000f22   0x08000f22   0x00000002   PAD
    0x08000f24   0x08000f24   0x00000098   Code   RO          565    i.HAL_ADC_MspInit   stm32f4xx_hal_msp.o
    0x08000fbc   0x08000fbc   0x00000154   Code   RO          940    i.HAL_ADC_Start_DMA  stm32f4xx_hal_adc.o
    0x08001110   0x08001110   0x0000008e   Code   RO         1659    i.HAL_DMA_Abort     stm32f4xx_hal_dma.o
    0x0800119e   0x0800119e   0x00000024   Code   RO         1660    i.HAL_DMA_Abort_IT  stm32f4xx_hal_dma.o
    0x080011c2   0x080011c2   0x00000006   Code   RO         1663    i.HAL_DMA_GetState  stm32f4xx_hal_dma.o
    0x080011c8   0x080011c8   0x000001a0   Code   RO         1664    i.HAL_DMA_IRQHandler  stm32f4xx_hal_dma.o
    0x08001368   0x08001368   0x000000d4   Code   RO         1665    i.HAL_DMA_Init      stm32f4xx_hal_dma.o
    0x0800143c   0x0800143c   0x0000006e   Code   RO         1669    i.HAL_DMA_Start_IT  stm32f4xx_hal_dma.o
    0x080014aa   0x080014aa   0x00000002   PAD
    0x080014ac   0x080014ac   0x00000024   Code   RO         2078    i.HAL_Delay         stm32f4xx_hal.o
    0x080014d0   0x080014d0   0x000001ec   Code   RO         1552    i.HAL_GPIO_Init     stm32f4xx_hal_gpio.o
    0x080016bc   0x080016bc   0x0000000a   Code   RO         1554    i.HAL_GPIO_ReadPin  stm32f4xx_hal_gpio.o
    0x080016c6   0x080016c6   0x0000000a   Code   RO         1556    i.HAL_GPIO_WritePin  stm32f4xx_hal_gpio.o
    0x080016d0   0x080016d0   0x0000000c   Code   RO         2084    i.HAL_GetTick       stm32f4xx_hal.o
    0x080016dc   0x080016dc   0x00000002   Code   RO         2329    i.HAL_I2C_AbortCpltCallback  stm32f4xx_hal_i2c.o
    0x080016de   0x080016de   0x00000002   Code   RO         2330    i.HAL_I2C_AddrCallback  stm32f4xx_hal_i2c.o
    0x080016e0   0x080016e0   0x00000264   Code   RO         2334    i.HAL_I2C_EV_IRQHandler  stm32f4xx_hal_i2c.o
    0x08001944   0x08001944   0x00000002   Code   RO         2336    i.HAL_I2C_ErrorCallback  stm32f4xx_hal_i2c.o
    0x08001946   0x08001946   0x00000002   PAD
    0x08001948   0x08001948   0x00000188   Code   RO         2340    i.HAL_I2C_Init      stm32f4xx_hal_i2c.o
    0x08001ad0   0x08001ad0   0x00000002   Code   RO         2342    i.HAL_I2C_ListenCpltCallback  stm32f4xx_hal_i2c.o
    0x08001ad2   0x08001ad2   0x00000002   Code   RO         2343    i.HAL_I2C_MasterRxCpltCallback  stm32f4xx_hal_i2c.o
    0x08001ad4   0x08001ad4   0x00000002   Code   RO         2344    i.HAL_I2C_MasterTxCpltCallback  stm32f4xx_hal_i2c.o
    0x08001ad6   0x08001ad6   0x00000002   PAD
    0x08001ad8   0x08001ad8   0x000001e0   Code   RO         2346    i.HAL_I2C_Master_Receive  stm32f4xx_hal_i2c.o
    0x08001cb8   0x08001cb8   0x0000012c   Code   RO         2353    i.HAL_I2C_Master_Transmit  stm32f4xx_hal_i2c.o
    0x08001de4   0x08001de4   0x00000002   Code   RO         2356    i.HAL_I2C_MemRxCpltCallback  stm32f4xx_hal_i2c.o
    0x08001de6   0x08001de6   0x00000002   Code   RO         2357    i.HAL_I2C_MemTxCpltCallback  stm32f4xx_hal_i2c.o
    0x08001de8   0x08001de8   0x000000e0   Code   RO         2360    i.HAL_I2C_Mem_Read_IT  stm32f4xx_hal_i2c.o
    0x08001ec8   0x08001ec8   0x000000d4   Code   RO         2363    i.HAL_I2C_Mem_Write_IT  stm32f4xx_hal_i2c.o
    0x08001f9c   0x08001f9c   0x000000b0   Code   RO          567    i.HAL_I2C_MspInit   stm32f4xx_hal_msp.o
    0x0800204c   0x0800204c   0x00000002   Code   RO         2366    i.HAL_I2C_SlaveRxCpltCallback  stm32f4xx_hal_i2c.o
    0x0800204e   0x0800204e   0x00000002   Code   RO         2367    i.HAL_I2C_SlaveTxCpltCallback  stm32f4xx_hal_i2c.o
    0x08002050   0x08002050   0x00000010   Code   RO         2090    i.HAL_IncTick       stm32f4xx_hal.o
    0x08002060   0x08002060   0x00000034   Code   RO         2091    i.HAL_Init          stm32f4xx_hal.o
    0x08002094   0x08002094   0x00000040   Code   RO         2092    i.HAL_InitTick      stm32f4xx_hal.o
    0x080020d4   0x080020d4   0x00000030   Code   RO          568    i.HAL_MspInit       stm32f4xx_hal_msp.o
    0x08002104   0x08002104   0x0000001a   Code   RO         1941    i.HAL_NVIC_EnableIRQ  stm32f4xx_hal_cortex.o
    0x0800211e   0x0800211e   0x00000002   PAD
    0x08002120   0x08002120   0x00000040   Code   RO         1947    i.HAL_NVIC_SetPriority  stm32f4xx_hal_cortex.o
    0x08002160   0x08002160   0x00000024   Code   RO         1948    i.HAL_NVIC_SetPriorityGrouping  stm32f4xx_hal_cortex.o
    0x08002184   0x08002184   0x00000134   Code   RO         1198    i.HAL_RCC_ClockConfig  stm32f4xx_hal_rcc.o
    0x080022b8   0x080022b8   0x00000020   Code   RO         1205    i.HAL_RCC_GetPCLK1Freq  stm32f4xx_hal_rcc.o
    0x080022d8   0x080022d8   0x00000020   Code   RO         1206    i.HAL_RCC_GetPCLK2Freq  stm32f4xx_hal_rcc.o
    0x080022f8   0x080022f8   0x00000060   Code   RO         1207    i.HAL_RCC_GetSysClockFreq  stm32f4xx_hal_rcc.o
    0x08002358   0x08002358   0x0000036c   Code   RO         1210    i.HAL_RCC_OscConfig  stm32f4xx_hal_rcc.o
    0x080026c4   0x080026c4   0x00000002   Code   RO         2781    i.HAL_SPI_ErrorCallback  stm32f4xx_hal_spi.o
    0x080026c6   0x080026c6   0x00000006   Code   RO         2783    i.HAL_SPI_GetState  stm32f4xx_hal_spi.o
    0x080026cc   0x080026cc   0x000000fc   Code   RO         2784    i.HAL_SPI_IRQHandler  stm32f4xx_hal_spi.o
    0x080027c8   0x080027c8   0x000000bc   Code   RO         2785    i.HAL_SPI_Init      stm32f4xx_hal_spi.o
    0x08002884   0x08002884   0x00000078   Code   RO          570    i.HAL_SPI_MspInit   stm32f4xx_hal_msp.o
    0x080028fc   0x080028fc   0x00000166   Code   RO         2793    i.HAL_SPI_Transmit  stm32f4xx_hal_spi.o
    0x08002a62   0x08002a62   0x000001e2   Code   RO         2794    i.HAL_SPI_TransmitReceive  stm32f4xx_hal_spi.o
    0x08002c44   0x08002c44   0x00000028   Code   RO         1952    i.HAL_SYSTICK_Config  stm32f4xx_hal_cortex.o
    0x08002c6c   0x08002c6c   0x00000090   Code   RO         3821    i.HAL_TIMEx_MasterConfigSynchronization  stm32f4xx_hal_tim_ex.o
    0x08002cfc   0x08002cfc   0x0000005a   Code   RO         3098    i.HAL_TIM_Base_Init  stm32f4xx_hal_tim.o
    0x08002d56   0x08002d56   0x00000002   PAD
    0x08002d58   0x08002d58   0x00000028   Code   RO          572    i.HAL_TIM_Base_MspInit  stm32f4xx_hal_msp.o
    0x08002d80   0x08002d80   0x00000078   Code   RO         3101    i.HAL_TIM_Base_Start  stm32f4xx_hal_tim.o
    0x08002df8   0x08002df8   0x00000002   Code   RO         4080    i.HAL_UARTEx_RxEventCallback  stm32f4xx_hal_uart.o
    0x08002dfa   0x08002dfa   0x00000002   Code   RO         4094    i.HAL_UART_ErrorCallback  stm32f4xx_hal_uart.o
    0x08002dfc   0x08002dfc   0x00000210   Code   RO         4097    i.HAL_UART_IRQHandler  stm32f4xx_hal_uart.o
    0x0800300c   0x0800300c   0x00000062   Code   RO         4098    i.HAL_UART_Init     stm32f4xx_hal_uart.o
    0x0800306e   0x0800306e   0x00000002   PAD
    0x08003070   0x08003070   0x000000ec   Code   RO          574    i.HAL_UART_MspInit  stm32f4xx_hal_msp.o
    0x0800315c   0x0800315c   0x0000002a   Code   RO         4102    i.HAL_UART_Receive_DMA  stm32f4xx_hal_uart.o
    0x08003186   0x08003186   0x00000002   Code   RO         4104    i.HAL_UART_RxCpltCallback  stm32f4xx_hal_uart.o
    0x08003188   0x08003188   0x00000002   Code   RO         4105    i.HAL_UART_RxHalfCpltCallback  stm32f4xx_hal_uart.o
    0x0800318a   0x0800318a   0x0000003e   Code   RO         4108    i.HAL_UART_Transmit_IT  stm32f4xx_hal_uart.o
    0x080031c8   0x080031c8   0x00000002   Code   RO         4109    i.HAL_UART_TxCpltCallback  stm32f4xx_hal_uart.o
    0x080031ca   0x080031ca   0x00000002   Code   RO          443    i.HardFault_Handler  stm32f4xx_it.o
    0x080031cc   0x080031cc   0x0000000c   Code   RO          444    i.I2C1_EV_IRQHandler  stm32f4xx_it.o
    0x080031d8   0x080031d8   0x000000bc   Code   RO         2378    i.I2C_DMAAbort      stm32f4xx_hal_i2c.o
    0x08003294   0x08003294   0x00000158   Code   RO         2381    i.I2C_ITError       stm32f4xx_hal_i2c.o
    0x080033ec   0x080033ec   0x0000002e   Code   RO         2382    i.I2C_IsAcknowledgeFailed  stm32f4xx_hal_i2c.o
    0x0800341a   0x0800341a   0x000000d2   Code   RO         2383    i.I2C_MasterReceive_BTF  stm32f4xx_hal_i2c.o
    0x080034ec   0x080034ec   0x000000e8   Code   RO         2384    i.I2C_MasterReceive_RXNE  stm32f4xx_hal_i2c.o
    0x080035d4   0x080035d4   0x000000ec   Code   RO         2385    i.I2C_MasterRequestRead  stm32f4xx_hal_i2c.o
    0x080036c0   0x080036c0   0x0000009c   Code   RO         2386    i.I2C_MasterRequestWrite  stm32f4xx_hal_i2c.o
    0x0800375c   0x0800375c   0x00000074   Code   RO         2387    i.I2C_MasterTransmit_BTF  stm32f4xx_hal_i2c.o
    0x080037d0   0x080037d0   0x000000b6   Code   RO         2388    i.I2C_MasterTransmit_TXE  stm32f4xx_hal_i2c.o
    0x08003886   0x08003886   0x00000002   PAD
    0x08003888   0x08003888   0x00000118   Code   RO         2389    i.I2C_Master_ADDR   stm32f4xx_hal_i2c.o
    0x080039a0   0x080039a0   0x0000008c   Code   RO         2390    i.I2C_Master_SB     stm32f4xx_hal_i2c.o
    0x08003a2c   0x08003a2c   0x000000a0   Code   RO         2391    i.I2C_MemoryTransmit_TXE_BTF  stm32f4xx_hal_i2c.o
    0x08003acc   0x08003acc   0x0000015c   Code   RO         2395    i.I2C_Slave_STOPF   stm32f4xx_hal_i2c.o
    0x08003c28   0x08003c28   0x0000004c   Code   RO         2396    i.I2C_WaitOnBTFFlagUntilTimeout  stm32f4xx_hal_i2c.o
    0x08003c74   0x08003c74   0x00000068   Code   RO         2397    i.I2C_WaitOnFlagUntilTimeout  stm32f4xx_hal_i2c.o
    0x08003cdc   0x08003cdc   0x00000096   Code   RO         2398    i.I2C_WaitOnMasterAddressFlagUntilTimeout  stm32f4xx_hal_i2c.o
    0x08003d72   0x08003d72   0x00000066   Code   RO         2399    i.I2C_WaitOnRXNEFlagUntilTimeout  stm32f4xx_hal_i2c.o
    0x08003dd8   0x08003dd8   0x0000004c   Code   RO         2400    i.I2C_WaitOnTXEFlagUntilTimeout  stm32f4xx_hal_i2c.o
    0x08003e24   0x08003e24   0x00000068   Code   RO           16    i.MX_ADC1_Init      main.o
    0x08003e8c   0x08003e8c   0x0000006c   Code   RO           17    i.MX_DMA_Init       main.o
    0x08003ef8   0x08003ef8   0x0000001c   Code   RO          399    i.MX_FATFS_Init     fatfs.o
    0x08003f14   0x08003f14   0x000000ac   Code   RO           18    i.MX_GPIO_Init      main.o
    0x08003fc0   0x08003fc0   0x00000044   Code   RO           19    i.MX_SPI1_Init      main.o
    0x08004004   0x08004004   0x00000002   Code   RO          445    i.MemManage_Handler  stm32f4xx_it.o
    0x08004006   0x08004006   0x00000002   Code   RO          446    i.NMI_Handler       stm32f4xx_it.o
    0x08004008   0x08004008   0x00000002   Code   RO          447    i.PendSV_Handler    stm32f4xx_it.o
    0x0800400a   0x0800400a   0x00000002   PAD
    0x0800400c   0x0800400c   0x00000020   Code   RO          448    i.SDTimer_Handler   stm32f4xx_it.o
    0x0800402c   0x0800402c   0x00000070   Code   RO          650    i.SD_PowerOn        fatfs_sd.o
    0x0800409c   0x0800409c   0x00000020   Code   RO          651    i.SD_ReadyWait      fatfs_sd.o
    0x080040bc   0x080040bc   0x00000050   Code   RO          652    i.SD_RxDataBlock    fatfs_sd.o
    0x0800410c   0x0800410c   0x0000006e   Code   RO          653    i.SD_SendCmd        fatfs_sd.o
    0x0800417a   0x0800417a   0x00000002   PAD
    0x0800417c   0x0800417c   0x0000006a   Code   RO          654    i.SD_TxDataBlock    fatfs_sd.o
    0x080041e6   0x080041e6   0x00000002   PAD
    0x080041e8   0x080041e8   0x00000138   Code   RO          655    i.SD_disk_initialize  fatfs_sd.o
    0x08004320   0x08004320   0x00000144   Code   RO          656    i.SD_disk_ioctl     fatfs_sd.o
    0x08004464   0x08004464   0x00000098   Code   RO          657    i.SD_disk_read      fatfs_sd.o
    0x080044fc   0x080044fc   0x00000010   Code   RO          658    i.SD_disk_status    fatfs_sd.o
    0x0800450c   0x0800450c   0x000000b8   Code   RO          659    i.SD_disk_write     fatfs_sd.o
    0x080045c4   0x080045c4   0x00000010   Code   RO          660    i.SELECT            fatfs_sd.o
    0x080045d4   0x080045d4   0x0000000c   Code   RO          449    i.SPI1_IRQHandler   stm32f4xx_it.o
    0x080045e0   0x080045e0   0x00000010   Code   RO         2812    i.SPI_DMAAbortOnError  stm32f4xx_hal_spi.o
    0x080045f0   0x080045f0   0x00000058   Code   RO         2823    i.SPI_EndRxTxTransaction  stm32f4xx_hal_spi.o
    0x08004648   0x08004648   0x00000034   Code   RO          661    i.SPI_RxByte        fatfs_sd.o
    0x0800467c   0x0800467c   0x00000020   Code   RO          662    i.SPI_TxByte        fatfs_sd.o
    0x0800469c   0x0800469c   0x000000b8   Code   RO         2828    i.SPI_WaitFlagStateUntilTimeout  stm32f4xx_hal_spi.o
    0x08004754   0x08004754   0x00000002   Code   RO          450    i.SVC_Handler       stm32f4xx_it.o
    0x08004756   0x08004756   0x00000026   Code   RO          820    i.Set_Pin_Input     dht_22.o
    0x0800477c   0x0800477c   0x00000026   Code   RO          821    i.Set_Pin_Output    dht_22.o
    0x080047a2   0x080047a2   0x00000002   PAD
    0x080047a4   0x080047a4   0x00000028   Code   RO          451    i.SysTick_Handler   stm32f4xx_it.o
    0x080047cc   0x080047cc   0x00000098   Code   RO           20    i.SystemClock_Config  main.o
    0x08004864   0x08004864   0x00000010   Code   RO         4427    i.SystemInit        system_stm32f4xx.o
    0x08004874   0x08004874   0x000000c8   Code   RO         3191    i.TIM_Base_SetConfig  stm32f4xx_hal_tim.o
    0x0800493c   0x0800493c   0x00000010   Code   RO         4111    i.UART_DMAAbortOnError  stm32f4xx_hal_uart.o
    0x0800494c   0x0800494c   0x0000004a   Code   RO         4112    i.UART_DMAError     stm32f4xx_hal_uart.o
    0x08004996   0x08004996   0x0000005a   Code   RO         4113    i.UART_DMAReceiveCplt  stm32f4xx_hal_uart.o
    0x080049f0   0x080049f0   0x0000001a   Code   RO         4115    i.UART_DMARxHalfCplt  stm32f4xx_hal_uart.o
    0x08004a0a   0x08004a0a   0x00000030   Code   RO         4121    i.UART_EndRxTransfer  stm32f4xx_hal_uart.o
    0x08004a3a   0x08004a3a   0x00000012   Code   RO         4122    i.UART_EndTxTransfer  stm32f4xx_hal_uart.o
    0x08004a4c   0x08004a4c   0x000000ae   Code   RO         4123    i.UART_Receive_IT   stm32f4xx_hal_uart.o
    0x08004afa   0x08004afa   0x00000002   PAD
    0x08004afc   0x08004afc   0x0000010c   Code   RO         4124    i.UART_SetConfig    stm32f4xx_hal_uart.o
    0x08004c08   0x08004c08   0x00000070   Code   RO         4125    i.UART_Start_Receive_DMA  stm32f4xx_hal_uart.o
    0x08004c78   0x08004c78   0x0000000c   Code   RO          452    i.USART3_IRQHandler  stm32f4xx_it.o
    0x08004c84   0x08004c84   0x00000004   Code   RO          336    i.USER_initialize   user_diskio.o
    0x08004c88   0x08004c88   0x00000004   Code   RO          337    i.USER_ioctl        user_diskio.o
    0x08004c8c   0x08004c8c   0x00000004   Code   RO          338    i.USER_read         user_diskio.o
    0x08004c90   0x08004c90   0x00000004   Code   RO          339    i.USER_status       user_diskio.o
    0x08004c94   0x08004c94   0x00000004   Code   RO          340    i.USER_write        user_diskio.o
    0x08004c98   0x08004c98   0x00000002   Code   RO          453    i.UsageFault_Handler  stm32f4xx_it.o
    0x08004c9a   0x08004c9a   0x00000002   PAD
    0x08004c9c   0x08004c9c   0x00000028   Code   RO         5225    i.__0sprintf        mc_w.l(printfa.o)
    0x08004cc4   0x08004cc4   0x00000020   Code   RO         1954    i.__NVIC_SetPriority  stm32f4xx_hal_cortex.o
    0x08004ce4   0x08004ce4   0x0000000e   Code   RO         5343    i.__scatterload_copy  mc_w.l(handlers.o)
    0x08004cf2   0x08004cf2   0x00000002   Code   RO         5344    i.__scatterload_null  mc_w.l(handlers.o)
    0x08004cf4   0x08004cf4   0x0000000e   Code   RO         5345    i.__scatterload_zeroinit  mc_w.l(handlers.o)
    0x08004d02   0x08004d02   0x00000002   PAD
    0x08004d04   0x08004d04   0x00000184   Code   RO         5230    i._fp_digits        mc_w.l(printfa.o)
    0x08004e88   0x08004e88   0x000006b4   Code   RO         5231    i._printf_core      mc_w.l(printfa.o)
    0x0800553c   0x0800553c   0x00000024   Code   RO         5232    i._printf_post_padding  mc_w.l(printfa.o)
    0x08005560   0x08005560   0x0000002e   Code   RO         5233    i._printf_pre_padding  mc_w.l(printfa.o)
    0x0800558e   0x0800558e   0x0000000a   Code   RO         5235    i._sputc            mc_w.l(printfa.o)
    0x08005598   0x08005598   0x0000004c   Code   RO           21    i.cal_mw            main.o
    0x080055e4   0x080055e4   0x00000070   Code   RO         4519    i.check_fs          ff.o
    0x08005654   0x08005654   0x00000010   Code   RO         4520    i.chk_chr           ff.o
    0x08005664   0x08005664   0x0000005c   Code   RO         4521    i.chk_lock          ff.o
    0x080056c0   0x080056c0   0x00000020   Code   RO         4522    i.clear_lock        ff.o
    0x080056e0   0x080056e0   0x00000026   Code   RO         4523    i.clmt_clust        ff.o
    0x08005706   0x08005706   0x00000018   Code   RO         4524    i.clust2sect        ff.o
    0x0800571e   0x0800571e   0x00000002   PAD
    0x08005720   0x08005720   0x00000080   Code   RO         4525    i.cmp_lfn           ff.o
    0x080057a0   0x080057a0   0x000000a4   Code   RO         4526    i.create_chain      ff.o
    0x08005844   0x08005844   0x00000208   Code   RO         4527    i.create_name       ff.o
    0x08005a4c   0x08005a4c   0x00000034   Code   RO         4528    i.dec_lock          ff.o
    0x08005a80   0x08005a80   0x00000018   Code   RO          822    i.delayus           dht_22.o
    0x08005a98   0x08005a98   0x000000d0   Code   RO         4529    i.dir_find          ff.o
    0x08005b68   0x08005b68   0x00000102   Code   RO         4530    i.dir_next          ff.o
    0x08005c6a   0x08005c6a   0x00000002   PAD
    0x08005c6c   0x08005c6c   0x000001e4   Code   RO         4532    i.dir_register      ff.o
    0x08005e50   0x08005e50   0x0000008e   Code   RO         4534    i.dir_sdi           ff.o
    0x08005ede   0x08005ede   0x00000002   PAD
    0x08005ee0   0x08005ee0   0x00000028   Code   RO         4464    i.disk_initialize   diskio.o
    0x08005f08   0x08005f08   0x0000001c   Code   RO         4465    i.disk_ioctl        diskio.o
    0x08005f24   0x08005f24   0x0000001c   Code   RO         4466    i.disk_read         diskio.o
    0x08005f40   0x08005f40   0x00000018   Code   RO         4467    i.disk_status       diskio.o
    0x08005f58   0x08005f58   0x0000001c   Code   RO         4468    i.disk_write        diskio.o
    0x08005f74   0x08005f74   0x00000050   Code   RO           22    i.ds1307_cal        main.o
    0x08005fc4   0x08005fc4   0x00000028   Code   RO         4535    i.f_close           ff.o
    0x08005fec   0x08005fec   0x00000058   Code   RO         4542    i.f_mount           ff.o
    0x08006044   0x08006044   0x0000021c   Code   RO         4543    i.f_open            ff.o
    0x08006260   0x08006260   0x00000026   Code   RO         4547    i.f_puts            ff.o
    0x08006286   0x08006286   0x0000008e   Code   RO         4552    i.f_sync            ff.o
    0x08006314   0x08006314   0x000001b2   Code   RO         4555    i.f_write           ff.o
    0x080064c6   0x080064c6   0x00000002   PAD
    0x080064c8   0x080064c8   0x00000038   Code   RO         4950    i.ff_convert        ccsbcs.o
    0x08006500   0x08006500   0x00000080   Code   RO         4951    i.ff_wtoupper       ccsbcs.o
    0x08006580   0x08006580   0x00000290   Code   RO         4556    i.find_volume       ff.o
    0x08006810   0x08006810   0x0000007a   Code   RO         4557    i.follow_path       ff.o
    0x0800688a   0x0800688a   0x00000002   PAD
    0x0800688c   0x0800688c   0x00000080   Code   RO         4558    i.gen_numname       ff.o
    0x0800690c   0x0800690c   0x000000e8   Code   RO         4559    i.get_fat           ff.o
    0x080069f4   0x080069f4   0x00000004   Code   RO          400    i.get_fattime       fatfs.o
    0x080069f8   0x080069f8   0x0000003c   Code   RO         4561    i.get_ldnumber      ff.o
    0x08006a34   0x08006a34   0x00000080   Code   RO         4562    i.inc_lock          ff.o
    0x08006ab4   0x08006ab4   0x0000000c   Code   RO          823    i.init_DHT22        dht_22.o
    0x08006ac0   0x08006ac0   0x00000070   Code   RO           23    i.init_microSD      main.o
    0x08006b30   0x08006b30   0x00000078   Code   RO          871    i.lcd_init          i2c-2004.o
    0x08006ba8   0x08006ba8   0x00000040   Code   RO          872    i.lcd_send_cmd      i2c-2004.o
    0x08006be8   0x08006be8   0x00000040   Code   RO          873    i.lcd_send_data     i2c-2004.o
    0x08006c28   0x08006c28   0x00000014   Code   RO          874    i.lcd_send_string   i2c-2004.o
    0x08006c3c   0x08006c3c   0x000001e0   Code   RO           24    i.lcd_show          main.o
    0x08006e1c   0x08006e1c   0x00000026   Code   RO         4563    i.ld_clust          ff.o
    0x08006e42   0x08006e42   0x00000016   Code   RO         4564    i.ld_dword          ff.o
    0x08006e58   0x08006e58   0x0000000a   Code   RO         4565    i.ld_word           ff.o
    0x08006e62   0x08006e62   0x00000002   PAD
    0x08006e64   0x08006e64   0x0000006c   Code   RO           25    i.leds_microSD      main.o
    0x08006ed0   0x08006ed0   0x00000210   Code   RO           26    i.main              main.o
    0x080070e0   0x080070e0   0x0000006c   Code   RO         5252    i.malloc            mc_w.l(malloc.o)
    0x0800714c   0x0800714c   0x00000012   Code   RO         4566    i.mem_cpy           ff.o
    0x0800715e   0x0800715e   0x00000002   PAD
    0x08007160   0x08007160   0x0000000e   Code   RO         4567    i.mem_set           ff.o
    0x0800716e   0x0800716e   0x00000032   Code   RO         4568    i.move_window       ff.o
    0x080071a0   0x080071a0   0x00000124   Code   RO         4570    i.put_fat           ff.o
    0x080072c4   0x080072c4   0x00000046   Code   RO         4571    i.putc_bfd          ff.o
    0x0800730a   0x0800730a   0x0000002a   Code   RO         4572    i.putc_flush        ff.o
    0x08007334   0x08007334   0x00000028   Code   RO           27    i.read_bh1750       main.o
    0x0800735c   0x0800735c   0x000000ac   Code   RO           28    i.read_dht22        main.o
    0x08007408   0x08007408   0x00000034   Code   RO           29    i.receive_uart_1    main.o
    0x0800743c   0x0800743c   0x000000a0   Code   RO           30    i.receive_uart_2    main.o
    0x080074dc   0x080074dc   0x0000006c   Code   RO           31    i.receive_uart_3    main.o
    0x08007548   0x08007548   0x00000048   Code   RO           32    i.relay_off         main.o
    0x08007590   0x08007590   0x00000078   Code   RO           33    i.relay_on          main.o
    0x08007608   0x08007608   0x00000074   Code   RO         4573    i.remove_chain      ff.o
    0x0800767c   0x0800767c   0x00000218   Code   RO           34    i.send_uart         main.o
    0x08007894   0x08007894   0x00000028   Code   RO         4574    i.st_clust          ff.o
    0x080078bc   0x080078bc   0x00000010   Code   RO         4575    i.st_dword          ff.o
    0x080078cc   0x080078cc   0x00000008   Code   RO         4576    i.st_word           ff.o
    0x080078d4   0x080078d4   0x00000030   Code   RO           35    i.stop_microSD      main.o
    0x08007904   0x08007904   0x0000001a   Code   RO         4577    i.sum_sfn           ff.o
    0x0800791e   0x0800791e   0x00000002   PAD
    0x08007920   0x08007920   0x00000088   Code   RO         4578    i.sync_fs           ff.o
    0x080079a8   0x080079a8   0x00000052   Code   RO         4579    i.sync_window       ff.o
    0x080079fa   0x080079fa   0x00000034   Code   RO         4580    i.validate          ff.o
    0x08007a2e   0x08007a2e   0x00000002   PAD
    0x08007a30   0x08007a30   0x00000098   Code   RO           36    i.write_microSD     main.o
    0x08007ac8   0x08007ac8   0x00000008   Data   RO         1671    .constdata          stm32f4xx_hal_dma.o
    0x08007ad0   0x08007ad0   0x00000010   Data   RO         4428    .constdata          system_stm32f4xx.o
    0x08007ae0   0x08007ae0   0x00000008   Data   RO         4429    .constdata          system_stm32f4xx.o
    0x08007ae8   0x08007ae8   0x000000aa   Data   RO         4582    .constdata          ff.o
    0x08007b92   0x08007b92   0x000003ae   Data   RO         4952    .constdata          ccsbcs.o
    0x08007f40   0x08007f40   0x00000020   Data   RO         5341    Region$$Table       anon$$obj.o


    Execution Region RW_IRAM2 (Exec base: 0x10000000, Load base: 0x08007fd0, Size: 0x00000000, Max: 0x00010000, ABSOLUTE)

    **** No section assigned to this execution region ****


    Execution Region RW_IRAM1 (Exec base: 0x20000000, Load base: 0x08007f60, Size: 0x00003038, Max: 0x00020000, ABSOLUTE)

    Exec Addr    Load Addr    Size         Type   Attr      Idx    E Section Name        Object

    0x20000000   0x08007f60   0x0000002e   Data   RW           42    .data               main.o
    0x2000002e   0x08007f8e   0x00000002   PAD
    0x20000030   0x08007f90   0x00000014   Data   RW          341    .data               user_diskio.o
    0x20000044   0x08007fa4   0x00000005   Data   RW          403    .data               fatfs.o
    0x20000049   0x08007fa9   0x00000003   Data   RW          454    .data               stm32f4xx_it.o
    0x2000004c   0x08007fac   0x00000003   Data   RW          663    .data               fatfs_sd.o
    0x2000004f   0x08007faf   0x00000001   PAD
    0x20000050   0x08007fb0   0x0000000c   Data   RW         2098    .data               stm32f4xx_hal.o
    0x2000005c   0x08007fbc   0x00000004   Data   RW         4430    .data               system_stm32f4xx.o
    0x20000060   0x08007fc0   0x00000008   Data   RW         4583    .data               ff.o
    0x20000068   0x08007fc8   0x00000004   Data   RW         5326    .data               mc_w.l(mvars.o)
    0x2000006c   0x08007fcc   0x00000004   Data   RW         5327    .data               mc_w.l(mvars.o)
    0x20000070        -       0x0000261c   Zero   RW           37    .bss                main.o
    0x2000268c        -       0x00000060   Zero   RW           38    .bss                main.o
    0x200026ec        -       0x00000060   Zero   RW           39    .bss                main.o
    0x2000274c        -       0x00000060   Zero   RW           40    .bss                main.o
    0x200027ac        -       0x00000060   Zero   RW           41    .bss                main.o
    0x2000280c        -       0x00000220   Zero   RW         4581    .bss                ff.o
    0x20002a2c        -       0x0000000c   Zero   RW         4880    .bss                ff_gen_drv.o
    0x20002a38        -       0x00000200   Zero   RW            2    HEAP                startup_stm32f407xx.o
    0x20002c38        -       0x00000400   Zero   RW            1    STACK               startup_stm32f407xx.o


==============================================================================

Image component sizes


      Code (inc. data)   RO Data    RW Data    ZI Data      Debug   Object Name

       238         16          0          0          0       4382   bh1750.o
       184         22        942          0          0       2311   ccsbcs.o
       364         20          0          0          0       3810   dht_22.o
       148         22          0          0          0       3813   diskio.o
        32         10          0          5          0       1540   fatfs.o
      1544         62          0          3          0      11023   fatfs_sd.o
      5910        104        170          8        544      45338   ff.o
        70          6          0          0         12       1675   ff_gen_drv.o
       268         12          0          0          0       2392   i2c-2004.o
      3492        476          0         46      10140     739414   main.o
        36          8        392          0       1536        848   startup_stm32f407xx.o
       180         28          0         12          0       9509   stm32f4xx_hal.o
      1200         66          0          0          0       7597   stm32f4xx_hal_adc.o
       198         14          0          0          0      34031   stm32f4xx_hal_cortex.o
      1086         16          8          0          0       8077   stm32f4xx_hal_dma.o
       512         44          0          0          0       2907   stm32f4xx_hal_gpio.o
      5386        100          0          0          0      32541   stm32f4xx_hal_i2c.o
       772         94          0          0          0       4733   stm32f4xx_hal_msp.o
      1344         72          0          0          0       5324   stm32f4xx_hal_rcc.o
      1576         18          0          0          0       9400   stm32f4xx_hal_spi.o
       410         74          0          0          0       3680   stm32f4xx_hal_tim.o
       144         28          0          0          0       1372   stm32f4xx_hal_tim_ex.o
      1566         30          0          0          0      13545   stm32f4xx_hal_uart.o
       172         54          0          3          0       8970   stm32f4xx_it.o
         0          0          0          0          0        552   syscall.o
        16          4         24          4          0       1143   system_stm32f4xx.o
        20          0          0         20          0       3520   user_diskio.o

    ----------------------------------------------------------------------
     26920       1400       1568        104      12232     963447   Object Totals
         0          0         32          0          0          0   (incl. Generated)
        52          0          0          3          0          0   (incl. Padding)

    ----------------------------------------------------------------------

      Code (inc. data)   RO Data    RW Data    ZI Data      Debug   Library Member Name

        28          0          0          0          0         76   calloc.o
         0          0          0          0          0          0   entry.o
         0          0          0          0          0          0   entry10a.o
         0          0          0          0          0          0   entry11a.o
         4          0          0          0          0          0   entry12b.o
         8          4          0          0          0          0   entry2.o
         4          0          0          0          0          0   entry5.o
         0          0          0          0          0          0   entry7b.o
         0          0          0          0          0          0   entry8b.o
         8          4          0          0          0          0   entry9a.o
        30          0          0          0          0          0   handlers.o
        36          8          0          0          0         68   init.o
         0          0          0          0          0          0   iusefp.o
        30          0          0          0          0         68   llshl.o
        36          0          0          0          0         68   llsshr.o
        32          0          0          0          0         68   llushr.o
       108         16          0          0          0         84   malloc.o
        36          0          0          0          0        108   memseta.o
         0          0          0          8          0          0   mvars.o
      2236         86          0          0          0        532   printfa.o
        18          0          0          0          0         68   strcpy.o
        14          0          0          0          0         68   strlen.o
        44          0          0          0          0         80   uidiv.o
        98          0          0          0          0         92   uldiv.o
        48          0          0          0          0         68   cdrcmple.o
        56          0          0          0          0         88   d2f.o
       334          0          0          0          0        148   dadd.o
       222          0          0          0          0        100   ddiv.o
       186          0          0          0          0        176   depilogue.o
        50          0          0          0          0         76   dfixui.o
        48          0          0          0          0         68   dfixul.o
        26          0          0          0          0         76   dfltui.o
       228          0          0          0          0         96   dmul.o
        38          0          0          0          0         68   f2d.o
       110          0          0          0          0        168   fepilogue.o

    ----------------------------------------------------------------------
      4120        118          0          8          0       2512   Library Totals
         4          0          0          0          0          0   (incl. Padding)

    ----------------------------------------------------------------------

      Code (inc. data)   RO Data    RW Data    ZI Data      Debug   Library Name

      2770        118          0          8          0       1380   mc_w.l
      1346          0          0          0          0       1132   mf_w.l

    ----------------------------------------------------------------------
      4120        118          0          8          0       2512   Library Totals

    ----------------------------------------------------------------------

==============================================================================


      Code (inc. data)   RO Data    RW Data    ZI Data      Debug   

     31040       1518       1568        112      12232     941663   Grand Totals
     31040       1518       1568        112      12232     941663   ELF Image Totals
     31040       1518       1568        112          0          0   ROM Totals

==============================================================================

    Total RO  Size (Code + RO Data)                32608 (  31.84kB)
    Total RW  Size (RW Data + ZI Data)             12344 (  12.05kB)
    Total ROM Size (Code + RO Data + RW Data)      32720 (  31.95kB)

==============================================================================

